Component: ARM Compiler 5.06 update 2 (build 183) Tool: armlink [4d35b7]

==============================================================================

Section Cross References

    main.o(i.RCC_Configuration) refers to stm32f10x_rcc.o(i.RCC_HCLKConfig) for RCC_HCLKConfig
    main.o(i.RCC_Configuration) refers to stm32f10x_rcc.o(i.RCC_PCLK1Config) for RCC_PCLK1Config
    main.o(i.RCC_Configuration) refers to stm32f10x_rcc.o(i.RCC_PCLK2Config) for RCC_PCLK2Config
    main.o(i.RCC_Configuration) refers to stm32f10x_rcc.o(i.RCC_PLLConfig) for RCC_PLLConfig
    main.o(i.RCC_Configuration) refers to stm32f10x_rcc.o(i.RCC_PLLCmd) for RCC_PLLCmd
    main.o(i.RCC_Configuration) refers to stm32f10x_rcc.o(i.RCC_GetFlagStatus) for RCC_GetFlagStatus
    main.o(i.RCC_Configuration) refers to stm32f10x_rcc.o(i.RCC_SYSCLKConfig) for RCC_SYSCLKConfig
    main.o(i.RCC_Configuration) refers to stm32f10x_rcc.o(i.RCC_GetSYSCLKSource) for RCC_GetSYSCLKSource
    main.o(i.USART_Configuration) refers to stm32f10x_rcc.o(i.RCC_APB2PeriphClockCmd) for RCC_APB2PeriphClockCmd
    main.o(i.USART_Configuration) refers to stm32f10x_gpio.o(i.GPIO_Init) for GPIO_Init
    main.o(i.USART_Configuration) refers to stm32f10x_usart.o(i.USART_Init) for USART_Init
    main.o(i.USART_Configuration) refers to stm32f10x_usart.o(i.USART_ITConfig) for USART_ITConfig
    main.o(i.USART_Configuration) refers to stm32f10x_usart.o(i.USART_Cmd) for USART_Cmd
    main.o(i.main) refers to main.o(i.GPIO_Configuration) for GPIO_Configuration
    main.o(i.main) refers to main.o(i.USART_Configuration) for USART_Configuration
    main.o(i.main) refers to rtc_time.o(i.RTC_Init) for RTC_Init
    rtc_time.o(i.NVIC_Configuration) refers to misc.o(i.NVIC_PriorityGroupConfig) for NVIC_PriorityGroupConfig
    rtc_time.o(i.NVIC_Configuration) refers to misc.o(i.NVIC_Init) for NVIC_Init
    rtc_time.o(i.RTC_IRQHandler) refers to stm32f10x_rtc.o(i.RTC_GetITStatus) for RTC_GetITStatus
    rtc_time.o(i.RTC_IRQHandler) refers to stm32f10x_rtc.o(i.RTC_ClearITPendingBit) for RTC_ClearITPendingBit
    rtc_time.o(i.RTC_IRQHandler) refers to rtc_time.o(i.Time_Display) for Time_Display
    rtc_time.o(i.RTC_Init) refers to stm32f10x_rcc.o(i.RCC_APB1PeriphClockCmd) for RCC_APB1PeriphClockCmd
    rtc_time.o(i.RTC_Init) refers to stm32f10x_pwr.o(i.PWR_BackupAccessCmd) for PWR_BackupAccessCmd
    rtc_time.o(i.RTC_Init) refers to stm32f10x_rcc.o(i.RCC_LSICmd) for RCC_LSICmd
    rtc_time.o(i.RTC_Init) refers to stm32f10x_bkp.o(i.BKP_ReadBackupRegister) for BKP_ReadBackupRegister
    rtc_time.o(i.RTC_Init) refers to printf6.o(i.__0printf$6) for __2printf
    rtc_time.o(i.RTC_Init) refers to rtc_time.o(i.RTC_ReConfig) for RTC_ReConfig
    rtc_time.o(i.RTC_Init) refers to rtc_time.o(i.Time_Regulate) for Time_Regulate
    rtc_time.o(i.RTC_Init) refers to stm32f10x_bkp.o(i.BKP_WriteBackupRegister) for BKP_WriteBackupRegister
    rtc_time.o(i.RTC_Init) refers to stm32f10x_rcc.o(i.RCC_GetFlagStatus) for RCC_GetFlagStatus
    rtc_time.o(i.RTC_Init) refers to stm32f10x_rtc.o(i.RTC_WaitForSynchro) for RTC_WaitForSynchro
    rtc_time.o(i.RTC_Init) refers to stm32f10x_rtc.o(i.RTC_ITConfig) for RTC_ITConfig
    rtc_time.o(i.RTC_Init) refers to stm32f10x_rtc.o(i.RTC_WaitForLastTask) for RTC_WaitForLastTask
    rtc_time.o(i.RTC_Init) refers to rtc_time.o(i.NVIC_Configuration) for NVIC_Configuration
    rtc_time.o(i.RTC_Init) refers to stm32f10x_bkp.o(i.BKP_TamperPinCmd) for BKP_TamperPinCmd
    rtc_time.o(i.RTC_Init) refers to stm32f10x_bkp.o(i.BKP_RTCOutputConfig) for BKP_RTCOutputConfig
    rtc_time.o(i.RTC_Init) refers to stm32f10x_rcc.o(i.RCC_ClearFlag) for RCC_ClearFlag
    rtc_time.o(i.RTC_ReConfig) refers to stm32f10x_bkp.o(i.BKP_DeInit) for BKP_DeInit
    rtc_time.o(i.RTC_ReConfig) refers to stm32f10x_rcc.o(i.RCC_GetFlagStatus) for RCC_GetFlagStatus
    rtc_time.o(i.RTC_ReConfig) refers to stm32f10x_rcc.o(i.RCC_RTCCLKConfig) for RCC_RTCCLKConfig
    rtc_time.o(i.RTC_ReConfig) refers to stm32f10x_rcc.o(i.RCC_RTCCLKCmd) for RCC_RTCCLKCmd
    rtc_time.o(i.RTC_ReConfig) refers to stm32f10x_rtc.o(i.RTC_WaitForSynchro) for RTC_WaitForSynchro
    rtc_time.o(i.RTC_ReConfig) refers to stm32f10x_rtc.o(i.RTC_WaitForLastTask) for RTC_WaitForLastTask
    rtc_time.o(i.RTC_ReConfig) refers to stm32f10x_rtc.o(i.RTC_ITConfig) for RTC_ITConfig
    rtc_time.o(i.RTC_ReConfig) refers to stm32f10x_rtc.o(i.RTC_SetPrescaler) for RTC_SetPrescaler
    rtc_time.o(i.Time_ConvCalendarToUnix) refers to mktime.o(.text) for mktime
    rtc_time.o(i.Time_ConvUnixToCalendar) refers to localtime_w.o(.text) for localtime
    rtc_time.o(i.Time_ConvUnixToCalendar) refers to memcpya.o(.text) for __aeabi_memcpy4
    rtc_time.o(i.Time_Display) refers to rtc_time.o(i.Time_GetCalendarTime) for Time_GetCalendarTime
    rtc_time.o(i.Time_Display) refers to printf6.o(i.__0printf$6) for __2printf
    rtc_time.o(i.Time_GetCalendarTime) refers to stm32f10x_rtc.o(i.RTC_GetCounter) for RTC_GetCounter
    rtc_time.o(i.Time_GetCalendarTime) refers to rtc_time.o(i.Time_ConvUnixToCalendar) for Time_ConvUnixToCalendar
    rtc_time.o(i.Time_GetCalendarTime) refers to memcpya.o(.text) for __aeabi_memcpy4
    rtc_time.o(i.Time_GetUnixTime) refers to stm32f10x_rtc.o(i.RTC_GetCounter) for RTC_GetCounter
    rtc_time.o(i.Time_Regulate) refers to memseta.o(.text) for __aeabi_memclr4
    rtc_time.o(i.Time_Regulate) refers to printf6.o(i.__0printf$6) for __2printf
    rtc_time.o(i.Time_Regulate) refers to stm32f10x_usart.o(i.USART_GetFlagStatus) for USART_GetFlagStatus
    rtc_time.o(i.Time_Regulate) refers to stm32f10x_usart.o(i.USART_ReceiveData) for USART_ReceiveData
    rtc_time.o(i.Time_Regulate) refers to memcpya.o(.text) for __aeabi_memcpy4
    rtc_time.o(i.Time_Regulate) refers to rtc_time.o(i.Time_SetCalendarTime) for Time_SetCalendarTime
    rtc_time.o(i.Time_SetCalendarTime) refers to memcpya.o(.text) for __aeabi_memcpy4
    rtc_time.o(i.Time_SetCalendarTime) refers to rtc_time.o(i.Time_ConvCalendarToUnix) for Time_ConvCalendarToUnix
    rtc_time.o(i.Time_SetCalendarTime) refers to rtc_time.o(i.Time_SetUnixTime) for Time_SetUnixTime
    rtc_time.o(i.Time_SetUnixTime) refers to stm32f10x_rtc.o(i.RTC_WaitForLastTask) for RTC_WaitForLastTask
    rtc_time.o(i.Time_SetUnixTime) refers to stm32f10x_rtc.o(i.RTC_SetCounter) for RTC_SetCounter
    startup_stm32f10x_md.o(RESET) refers to startup_stm32f10x_md.o(STACK) for __initial_sp
    startup_stm32f10x_md.o(RESET) refers to startup_stm32f10x_md.o(.text) for Reset_Handler
    startup_stm32f10x_md.o(RESET) refers to stm32f10x_it.o(i.NMI_Handler) for NMI_Handler
    startup_stm32f10x_md.o(RESET) refers to stm32f10x_it.o(i.HardFault_Handler) for HardFault_Handler
    startup_stm32f10x_md.o(RESET) refers to stm32f10x_it.o(i.MemManage_Handler) for MemManage_Handler
    startup_stm32f10x_md.o(RESET) refers to stm32f10x_it.o(i.BusFault_Handler) for BusFault_Handler
    startup_stm32f10x_md.o(RESET) refers to stm32f10x_it.o(i.UsageFault_Handler) for UsageFault_Handler
    startup_stm32f10x_md.o(RESET) refers to stm32f10x_it.o(i.SVC_Handler) for SVC_Handler
    startup_stm32f10x_md.o(RESET) refers to stm32f10x_it.o(i.DebugMon_Handler) for DebugMon_Handler
    startup_stm32f10x_md.o(RESET) refers to stm32f10x_it.o(i.PendSV_Handler) for PendSV_Handler
    startup_stm32f10x_md.o(RESET) refers to stm32f10x_it.o(i.SysTick_Handler) for SysTick_Handler
    startup_stm32f10x_md.o(RESET) refers to rtc_time.o(i.RTC_IRQHandler) for RTC_IRQHandler
    startup_stm32f10x_md.o(.text) refers to system_stm32f10x.o(i.SystemInit) for SystemInit
    startup_stm32f10x_md.o(.text) refers to entry.o(.ARM.Collect$$$$00000000) for __main
    system_stm32f10x.o(i.SetSysClock) refers to system_stm32f10x.o(i.SetSysClockTo72) for SetSysClockTo72
    system_stm32f10x.o(i.SystemCoreClockUpdate) refers to system_stm32f10x.o(.data) for SystemCoreClock
    system_stm32f10x.o(i.SystemInit) refers to system_stm32f10x.o(i.SetSysClock) for SetSysClock
    stm32f10x_bkp.o(i.BKP_DeInit) refers to stm32f10x_rcc.o(i.RCC_BackupResetCmd) for RCC_BackupResetCmd
    stm32f10x_gpio.o(i.GPIO_AFIODeInit) refers to stm32f10x_rcc.o(i.RCC_APB2PeriphResetCmd) for RCC_APB2PeriphResetCmd
    stm32f10x_gpio.o(i.GPIO_DeInit) refers to stm32f10x_rcc.o(i.RCC_APB2PeriphResetCmd) for RCC_APB2PeriphResetCmd
    stm32f10x_pwr.o(i.PWR_DeInit) refers to stm32f10x_rcc.o(i.RCC_APB1PeriphResetCmd) for RCC_APB1PeriphResetCmd
    stm32f10x_rcc.o(i.RCC_GetClocksFreq) refers to stm32f10x_rcc.o(.data) for APBAHBPrescTable
    stm32f10x_rcc.o(i.RCC_WaitForHSEStartUp) refers to stm32f10x_rcc.o(i.RCC_GetFlagStatus) for RCC_GetFlagStatus
    stm32f10x_rtc.o(i.RTC_SetAlarm) refers to stm32f10x_rtc.o(i.RTC_EnterConfigMode) for RTC_EnterConfigMode
    stm32f10x_rtc.o(i.RTC_SetAlarm) refers to stm32f10x_rtc.o(i.RTC_ExitConfigMode) for RTC_ExitConfigMode
    stm32f10x_rtc.o(i.RTC_SetCounter) refers to stm32f10x_rtc.o(i.RTC_EnterConfigMode) for RTC_EnterConfigMode
    stm32f10x_rtc.o(i.RTC_SetCounter) refers to stm32f10x_rtc.o(i.RTC_ExitConfigMode) for RTC_ExitConfigMode
    stm32f10x_rtc.o(i.RTC_SetPrescaler) refers to stm32f10x_rtc.o(i.RTC_EnterConfigMode) for RTC_EnterConfigMode
    stm32f10x_rtc.o(i.RTC_SetPrescaler) refers to stm32f10x_rtc.o(i.RTC_ExitConfigMode) for RTC_ExitConfigMode
    stm32f10x_usart.o(i.USART_DeInit) refers to stm32f10x_rcc.o(i.RCC_APB2PeriphResetCmd) for RCC_APB2PeriphResetCmd
    stm32f10x_usart.o(i.USART_DeInit) refers to stm32f10x_rcc.o(i.RCC_APB1PeriphResetCmd) for RCC_APB1PeriphResetCmd
    stm32f10x_usart.o(i.USART_Init) refers to stm32f10x_rcc.o(i.RCC_GetClocksFreq) for RCC_GetClocksFreq
    entry.o(.ARM.Collect$$$$00000000) refers (Special) to entry10a.o(.ARM.Collect$$$$0000000D) for __rt_final_cpp
    entry.o(.ARM.Collect$$$$00000000) refers (Special) to entry11a.o(.ARM.Collect$$$$0000000F) for __rt_final_exit
    entry.o(.ARM.Collect$$$$00000000) refers (Special) to entry7b.o(.ARM.Collect$$$$00000008) for _main_clock
    entry.o(.ARM.Collect$$$$00000000) refers (Special) to entry8b.o(.ARM.Collect$$$$0000000A) for _main_cpp_init
    entry.o(.ARM.Collect$$$$00000000) refers (Special) to entry9a.o(.ARM.Collect$$$$0000000B) for _main_init
    entry.o(.ARM.Collect$$$$00000000) refers (Special) to entry5.o(.ARM.Collect$$$$00000004) for _main_scatterload
    entry.o(.ARM.Collect$$$$00000000) refers (Special) to entry2.o(.ARM.Collect$$$$00000001) for _main_stk
    localtime.o(.text) refers to localtime.o(.bss) for .bss
    localtime.o(.text) refers to localtime.o(.constdata) for .constdata
    mktime.o(.text) refers to localtime_i.o(.text) for _localtime
    mktime.o(.text) refers to mktime.o(.constdata) for .constdata
    printfb.o(i.__0fprintf$bare) refers to printfb.o(i._printf_core) for _printf_core
    printfb.o(i.__0fprintf$bare) refers to fputc.o(i.fputc) for fputc
    printfb.o(i.__0printf$bare) refers to printfb.o(i._printf_core) for _printf_core
    printfb.o(i.__0printf$bare) refers to fputc.o(i.fputc) for fputc
    printfb.o(i.__0printf$bare) refers to stdout.o(.data) for __stdout
    printfb.o(i.__0snprintf$bare) refers to printfb.o(i._printf_core) for _printf_core
    printfb.o(i.__0snprintf$bare) refers to printfb.o(i._snputc) for _snputc
    printfb.o(i.__0sprintf$bare) refers to printfb.o(i._printf_core) for _printf_core
    printfb.o(i.__0sprintf$bare) refers to printfb.o(i._sputc) for _sputc
    printfb.o(i.__0vfprintf$bare) refers to printfb.o(i._printf_core) for _printf_core
    printfb.o(i.__0vfprintf$bare) refers to fputc.o(i.fputc) for fputc
    printfb.o(i.__0vprintf$bare) refers to printfb.o(i._printf_core) for _printf_core
    printfb.o(i.__0vprintf$bare) refers to fputc.o(i.fputc) for fputc
    printfb.o(i.__0vprintf$bare) refers to stdout.o(.data) for __stdout
    printfb.o(i.__0vsnprintf$bare) refers to printfb.o(i._printf_core) for _printf_core
    printfb.o(i.__0vsnprintf$bare) refers to printfb.o(i._snputc) for _snputc
    printfb.o(i.__0vsprintf$bare) refers to printfb.o(i._printf_core) for _printf_core
    printfb.o(i.__0vsprintf$bare) refers to printfb.o(i._sputc) for _sputc
    printf0.o(i.__0fprintf$0) refers to printf0.o(i._printf_core) for _printf_core
    printf0.o(i.__0fprintf$0) refers to fputc.o(i.fputc) for fputc
    printf0.o(i.__0printf$0) refers to printf0.o(i._printf_core) for _printf_core
    printf0.o(i.__0printf$0) refers to fputc.o(i.fputc) for fputc
    printf0.o(i.__0printf$0) refers to stdout.o(.data) for __stdout
    printf0.o(i.__0snprintf$0) refers to printf0.o(i._printf_core) for _printf_core
    printf0.o(i.__0snprintf$0) refers to printf0.o(i._snputc) for _snputc
    printf0.o(i.__0sprintf$0) refers to printf0.o(i._printf_core) for _printf_core
    printf0.o(i.__0sprintf$0) refers to printf0.o(i._sputc) for _sputc
    printf0.o(i.__0vfprintf$0) refers to printf0.o(i._printf_core) for _printf_core
    printf0.o(i.__0vfprintf$0) refers to fputc.o(i.fputc) for fputc
    printf0.o(i.__0vprintf$0) refers to printf0.o(i._printf_core) for _printf_core
    printf0.o(i.__0vprintf$0) refers to fputc.o(i.fputc) for fputc
    printf0.o(i.__0vprintf$0) refers to stdout.o(.data) for __stdout
    printf0.o(i.__0vsnprintf$0) refers to printf0.o(i._printf_core) for _printf_core
    printf0.o(i.__0vsnprintf$0) refers to printf0.o(i._snputc) for _snputc
    printf0.o(i.__0vsprintf$0) refers to printf0.o(i._printf_core) for _printf_core
    printf0.o(i.__0vsprintf$0) refers to printf0.o(i._sputc) for _sputc
    printf1.o(i.__0fprintf$1) refers to printf1.o(i._printf_core) for _printf_core
    printf1.o(i.__0fprintf$1) refers to fputc.o(i.fputc) for fputc
    printf1.o(i.__0printf$1) refers to printf1.o(i._printf_core) for _printf_core
    printf1.o(i.__0printf$1) refers to fputc.o(i.fputc) for fputc
    printf1.o(i.__0printf$1) refers to stdout.o(.data) for __stdout
    printf1.o(i.__0snprintf$1) refers to printf1.o(i._printf_core) for _printf_core
    printf1.o(i.__0snprintf$1) refers to printf1.o(i._snputc) for _snputc
    printf1.o(i.__0sprintf$1) refers to printf1.o(i._printf_core) for _printf_core
    printf1.o(i.__0sprintf$1) refers to printf1.o(i._sputc) for _sputc
    printf1.o(i.__0vfprintf$1) refers to printf1.o(i._printf_core) for _printf_core
    printf1.o(i.__0vfprintf$1) refers to fputc.o(i.fputc) for fputc
    printf1.o(i.__0vprintf$1) refers to printf1.o(i._printf_core) for _printf_core
    printf1.o(i.__0vprintf$1) refers to fputc.o(i.fputc) for fputc
    printf1.o(i.__0vprintf$1) refers to stdout.o(.data) for __stdout
    printf1.o(i.__0vsnprintf$1) refers to printf1.o(i._printf_core) for _printf_core
    printf1.o(i.__0vsnprintf$1) refers to printf1.o(i._snputc) for _snputc
    printf1.o(i.__0vsprintf$1) refers to printf1.o(i._printf_core) for _printf_core
    printf1.o(i.__0vsprintf$1) refers to printf1.o(i._sputc) for _sputc
    printf1.o(i._printf_core) refers to uidiv.o(.text) for __aeabi_uidivmod
    printf2.o(i.__0fprintf$2) refers to printf2.o(i._printf_core) for _printf_core
    printf2.o(i.__0fprintf$2) refers to fputc.o(i.fputc) for fputc
    printf2.o(i.__0printf$2) refers to printf2.o(i._printf_core) for _printf_core
    printf2.o(i.__0printf$2) refers to fputc.o(i.fputc) for fputc
    printf2.o(i.__0printf$2) refers to stdout.o(.data) for __stdout
    printf2.o(i.__0snprintf$2) refers to printf2.o(i._printf_core) for _printf_core
    printf2.o(i.__0snprintf$2) refers to printf2.o(i._snputc) for _snputc
    printf2.o(i.__0sprintf$2) refers to printf2.o(i._printf_core) for _printf_core
    printf2.o(i.__0sprintf$2) refers to printf2.o(i._sputc) for _sputc
    printf2.o(i.__0vfprintf$2) refers to printf2.o(i._printf_core) for _printf_core
    printf2.o(i.__0vfprintf$2) refers to fputc.o(i.fputc) for fputc
    printf2.o(i.__0vprintf$2) refers to printf2.o(i._printf_core) for _printf_core
    printf2.o(i.__0vprintf$2) refers to fputc.o(i.fputc) for fputc
    printf2.o(i.__0vprintf$2) refers to stdout.o(.data) for __stdout
    printf2.o(i.__0vsnprintf$2) refers to printf2.o(i._printf_core) for _printf_core
    printf2.o(i.__0vsnprintf$2) refers to printf2.o(i._snputc) for _snputc
    printf2.o(i.__0vsprintf$2) refers to printf2.o(i._printf_core) for _printf_core
    printf2.o(i.__0vsprintf$2) refers to printf2.o(i._sputc) for _sputc
    printf3.o(i.__0fprintf$3) refers to printf3.o(i._printf_core) for _printf_core
    printf3.o(i.__0fprintf$3) refers to fputc.o(i.fputc) for fputc
    printf3.o(i.__0printf$3) refers to printf3.o(i._printf_core) for _printf_core
    printf3.o(i.__0printf$3) refers to fputc.o(i.fputc) for fputc
    printf3.o(i.__0printf$3) refers to stdout.o(.data) for __stdout
    printf3.o(i.__0snprintf$3) refers to printf3.o(i._printf_core) for _printf_core
    printf3.o(i.__0snprintf$3) refers to printf3.o(i._snputc) for _snputc
    printf3.o(i.__0sprintf$3) refers to printf3.o(i._printf_core) for _printf_core
    printf3.o(i.__0sprintf$3) refers to printf3.o(i._sputc) for _sputc
    printf3.o(i.__0vfprintf$3) refers to printf3.o(i._printf_core) for _printf_core
    printf3.o(i.__0vfprintf$3) refers to fputc.o(i.fputc) for fputc
    printf3.o(i.__0vprintf$3) refers to printf3.o(i._printf_core) for _printf_core
    printf3.o(i.__0vprintf$3) refers to fputc.o(i.fputc) for fputc
    printf3.o(i.__0vprintf$3) refers to stdout.o(.data) for __stdout
    printf3.o(i.__0vsnprintf$3) refers to printf3.o(i._printf_core) for _printf_core
    printf3.o(i.__0vsnprintf$3) refers to printf3.o(i._snputc) for _snputc
    printf3.o(i.__0vsprintf$3) refers to printf3.o(i._printf_core) for _printf_core
    printf3.o(i.__0vsprintf$3) refers to printf3.o(i._sputc) for _sputc
    printf3.o(i._printf_core) refers to uidiv.o(.text) for __aeabi_uidivmod
    printf4.o(i.__0fprintf$4) refers to printf4.o(i._printf_core) for _printf_core
    printf4.o(i.__0fprintf$4) refers to fputc.o(i.fputc) for fputc
    printf4.o(i.__0printf$4) refers to printf4.o(i._printf_core) for _printf_core
    printf4.o(i.__0printf$4) refers to fputc.o(i.fputc) for fputc
    printf4.o(i.__0printf$4) refers to stdout.o(.data) for __stdout
    printf4.o(i.__0snprintf$4) refers to printf4.o(i._printf_core) for _printf_core
    printf4.o(i.__0snprintf$4) refers to printf4.o(i._snputc) for _snputc
    printf4.o(i.__0sprintf$4) refers to printf4.o(i._printf_core) for _printf_core
    printf4.o(i.__0sprintf$4) refers to printf4.o(i._sputc) for _sputc
    printf4.o(i.__0vfprintf$4) refers to printf4.o(i._printf_core) for _printf_core
    printf4.o(i.__0vfprintf$4) refers to fputc.o(i.fputc) for fputc
    printf4.o(i.__0vprintf$4) refers to printf4.o(i._printf_core) for _printf_core
    printf4.o(i.__0vprintf$4) refers to fputc.o(i.fputc) for fputc
    printf4.o(i.__0vprintf$4) refers to stdout.o(.data) for __stdout
    printf4.o(i.__0vsnprintf$4) refers to printf4.o(i._printf_core) for _printf_core
    printf4.o(i.__0vsnprintf$4) refers to printf4.o(i._snputc) for _snputc
    printf4.o(i.__0vsprintf$4) refers to printf4.o(i._printf_core) for _printf_core
    printf4.o(i.__0vsprintf$4) refers to printf4.o(i._sputc) for _sputc
    printf4.o(i._printf_core) refers to uldiv.o(.text) for __aeabi_uldivmod
    printf5.o(i.__0fprintf$5) refers to printf5.o(i._printf_core) for _printf_core
    printf5.o(i.__0fprintf$5) refers to fputc.o(i.fputc) for fputc
    printf5.o(i.__0printf$5) refers to printf5.o(i._printf_core) for _printf_core
    printf5.o(i.__0printf$5) refers to fputc.o(i.fputc) for fputc
    printf5.o(i.__0printf$5) refers to stdout.o(.data) for __stdout
    printf5.o(i.__0snprintf$5) refers to printf5.o(i._printf_core) for _printf_core
    printf5.o(i.__0snprintf$5) refers to printf5.o(i._snputc) for _snputc
    printf5.o(i.__0sprintf$5) refers to printf5.o(i._printf_core) for _printf_core
    printf5.o(i.__0sprintf$5) refers to printf5.o(i._sputc) for _sputc
    printf5.o(i.__0vfprintf$5) refers to printf5.o(i._printf_core) for _printf_core
    printf5.o(i.__0vfprintf$5) refers to fputc.o(i.fputc) for fputc
    printf5.o(i.__0vprintf$5) refers to printf5.o(i._printf_core) for _printf_core
    printf5.o(i.__0vprintf$5) refers to fputc.o(i.fputc) for fputc
    printf5.o(i.__0vprintf$5) refers to stdout.o(.data) for __stdout
    printf5.o(i.__0vsnprintf$5) refers to printf5.o(i._printf_core) for _printf_core
    printf5.o(i.__0vsnprintf$5) refers to printf5.o(i._snputc) for _snputc
    printf5.o(i.__0vsprintf$5) refers to printf5.o(i._printf_core) for _printf_core
    printf5.o(i.__0vsprintf$5) refers to printf5.o(i._sputc) for _sputc
    printf5.o(i._printf_core) refers to uldiv.o(.text) for __aeabi_uldivmod
    printf6.o(i.__0fprintf$6) refers to printf6.o(i._printf_core) for _printf_core
    printf6.o(i.__0fprintf$6) refers to fputc.o(i.fputc) for fputc
    printf6.o(i.__0printf$6) refers to printf6.o(i._printf_core) for _printf_core
    printf6.o(i.__0printf$6) refers to fputc.o(i.fputc) for fputc
    printf6.o(i.__0printf$6) refers to stdout.o(.data) for __stdout
    printf6.o(i.__0snprintf$6) refers to printf6.o(i._printf_core) for _printf_core
    printf6.o(i.__0snprintf$6) refers to printf6.o(i._snputc) for _snputc
    printf6.o(i.__0sprintf$6) refers to printf6.o(i._printf_core) for _printf_core
    printf6.o(i.__0sprintf$6) refers to printf6.o(i._sputc) for _sputc
    printf6.o(i.__0vfprintf$6) refers to printf6.o(i._printf_core) for _printf_core
    printf6.o(i.__0vfprintf$6) refers to fputc.o(i.fputc) for fputc
    printf6.o(i.__0vprintf$6) refers to printf6.o(i._printf_core) for _printf_core
    printf6.o(i.__0vprintf$6) refers to fputc.o(i.fputc) for fputc
    printf6.o(i.__0vprintf$6) refers to stdout.o(.data) for __stdout
    printf6.o(i.__0vsnprintf$6) refers to printf6.o(i._printf_core) for _printf_core
    printf6.o(i.__0vsnprintf$6) refers to printf6.o(i._snputc) for _snputc
    printf6.o(i.__0vsprintf$6) refers to printf6.o(i._printf_core) for _printf_core
    printf6.o(i.__0vsprintf$6) refers to printf6.o(i._sputc) for _sputc
    printf6.o(i._printf_core) refers to printf6.o(i._printf_pre_padding) for _printf_pre_padding
    printf6.o(i._printf_core) refers to uidiv.o(.text) for __aeabi_uidivmod
    printf6.o(i._printf_core) refers to printf6.o(i._printf_post_padding) for _printf_post_padding
    printf7.o(i.__0fprintf$7) refers to printf7.o(i._printf_core) for _printf_core
    printf7.o(i.__0fprintf$7) refers to fputc.o(i.fputc) for fputc
    printf7.o(i.__0printf$7) refers to printf7.o(i._printf_core) for _printf_core
    printf7.o(i.__0printf$7) refers to fputc.o(i.fputc) for fputc
    printf7.o(i.__0printf$7) refers to stdout.o(.data) for __stdout
    printf7.o(i.__0snprintf$7) refers to printf7.o(i._printf_core) for _printf_core
    printf7.o(i.__0snprintf$7) refers to printf7.o(i._snputc) for _snputc
    printf7.o(i.__0sprintf$7) refers to printf7.o(i._printf_core) for _printf_core
    printf7.o(i.__0sprintf$7) refers to printf7.o(i._sputc) for _sputc
    printf7.o(i.__0vfprintf$7) refers to printf7.o(i._printf_core) for _printf_core
    printf7.o(i.__0vfprintf$7) refers to fputc.o(i.fputc) for fputc
    printf7.o(i.__0vprintf$7) refers to printf7.o(i._printf_core) for _printf_core
    printf7.o(i.__0vprintf$7) refers to fputc.o(i.fputc) for fputc
    printf7.o(i.__0vprintf$7) refers to stdout.o(.data) for __stdout
    printf7.o(i.__0vsnprintf$7) refers to printf7.o(i._printf_core) for _printf_core
    printf7.o(i.__0vsnprintf$7) refers to printf7.o(i._snputc) for _snputc
    printf7.o(i.__0vsprintf$7) refers to printf7.o(i._printf_core) for _printf_core
    printf7.o(i.__0vsprintf$7) refers to printf7.o(i._sputc) for _sputc
    printf7.o(i._printf_core) refers to printf7.o(i._printf_pre_padding) for _printf_pre_padding
    printf7.o(i._printf_core) refers to uldiv.o(.text) for __aeabi_uldivmod
    printf7.o(i._printf_core) refers to printf7.o(i._printf_post_padding) for _printf_post_padding
    printf8.o(i.__0fprintf$8) refers to printf8.o(i._printf_core) for _printf_core
    printf8.o(i.__0fprintf$8) refers to fputc.o(i.fputc) for fputc
    printf8.o(i.__0printf$8) refers to printf8.o(i._printf_core) for _printf_core
    printf8.o(i.__0printf$8) refers to fputc.o(i.fputc) for fputc
    printf8.o(i.__0printf$8) refers to stdout.o(.data) for __stdout
    printf8.o(i.__0snprintf$8) refers to printf8.o(i._printf_core) for _printf_core
    printf8.o(i.__0snprintf$8) refers to printf8.o(i._snputc) for _snputc
    printf8.o(i.__0sprintf$8) refers to printf8.o(i._printf_core) for _printf_core
    printf8.o(i.__0sprintf$8) refers to printf8.o(i._sputc) for _sputc
    printf8.o(i.__0vfprintf$8) refers to printf8.o(i._printf_core) for _printf_core
    printf8.o(i.__0vfprintf$8) refers to fputc.o(i.fputc) for fputc
    printf8.o(i.__0vprintf$8) refers to printf8.o(i._printf_core) for _printf_core
    printf8.o(i.__0vprintf$8) refers to fputc.o(i.fputc) for fputc
    printf8.o(i.__0vprintf$8) refers to stdout.o(.data) for __stdout
    printf8.o(i.__0vsnprintf$8) refers to printf8.o(i._printf_core) for _printf_core
    printf8.o(i.__0vsnprintf$8) refers to printf8.o(i._snputc) for _snputc
    printf8.o(i.__0vsprintf$8) refers to printf8.o(i._printf_core) for _printf_core
    printf8.o(i.__0vsprintf$8) refers to printf8.o(i._sputc) for _sputc
    printf8.o(i._printf_core) refers to printf8.o(i._printf_pre_padding) for _printf_pre_padding
    printf8.o(i._printf_core) refers to uldiv.o(.text) for __aeabi_uldivmod
    printf8.o(i._printf_core) refers to printf8.o(i._printf_post_padding) for _printf_post_padding
    printfa.o(i.__0fprintf) refers (Special) to iusefp.o(.text) for __I$use$fp
    printfa.o(i.__0fprintf) refers to printfa.o(i._printf_core) for _printf_core
    printfa.o(i.__0fprintf) refers to fputc.o(i.fputc) for fputc
    printfa.o(i.__0printf) refers (Special) to iusefp.o(.text) for __I$use$fp
    printfa.o(i.__0printf) refers to printfa.o(i._printf_core) for _printf_core
    printfa.o(i.__0printf) refers to fputc.o(i.fputc) for fputc
    printfa.o(i.__0printf) refers to stdout.o(.data) for __stdout
    printfa.o(i.__0snprintf) refers (Special) to iusefp.o(.text) for __I$use$fp
    printfa.o(i.__0snprintf) refers to printfa.o(i._printf_core) for _printf_core
    printfa.o(i.__0snprintf) refers to printfa.o(i._snputc) for _snputc
    printfa.o(i.__0sprintf) refers (Special) to iusefp.o(.text) for __I$use$fp
    printfa.o(i.__0sprintf) refers to printfa.o(i._printf_core) for _printf_core
    printfa.o(i.__0sprintf) refers to printfa.o(i._sputc) for _sputc
    printfa.o(i.__0vfprintf) refers (Special) to iusefp.o(.text) for __I$use$fp
    printfa.o(i.__0vfprintf) refers to printfa.o(i._printf_core) for _printf_core
    printfa.o(i.__0vfprintf) refers to fputc.o(i.fputc) for fputc
    printfa.o(i.__0vprintf) refers (Special) to iusefp.o(.text) for __I$use$fp
    printfa.o(i.__0vprintf) refers to printfa.o(i._printf_core) for _printf_core
    printfa.o(i.__0vprintf) refers to fputc.o(i.fputc) for fputc
    printfa.o(i.__0vprintf) refers to stdout.o(.data) for __stdout
    printfa.o(i.__0vsnprintf) refers (Special) to iusefp.o(.text) for __I$use$fp
    printfa.o(i.__0vsnprintf) refers to printfa.o(i._printf_core) for _printf_core
    printfa.o(i.__0vsnprintf) refers to printfa.o(i._snputc) for _snputc
    printfa.o(i.__0vsprintf) refers (Special) to iusefp.o(.text) for __I$use$fp
    printfa.o(i.__0vsprintf) refers to printfa.o(i._printf_core) for _printf_core
    printfa.o(i.__0vsprintf) refers to printfa.o(i._sputc) for _sputc
    printfa.o(i._fp_digits) refers (Special) to iusefp.o(.text) for __I$use$fp
    printfa.o(i._fp_digits) refers to dmul.o(.text) for __aeabi_dmul
    printfa.o(i._fp_digits) refers to ddiv.o(.text) for __aeabi_ddiv
    printfa.o(i._fp_digits) refers to cdrcmple.o(.text) for __aeabi_cdrcmple
    printfa.o(i._fp_digits) refers to dadd.o(.text) for __aeabi_dadd
    printfa.o(i._fp_digits) refers to dfixul.o(.text) for __aeabi_d2ulz
    printfa.o(i._fp_digits) refers to uldiv.o(.text) for __aeabi_uldivmod
    printfa.o(i._printf_core) refers (Special) to iusefp.o(.text) for __I$use$fp
    printfa.o(i._printf_core) refers to printfa.o(i._printf_pre_padding) for _printf_pre_padding
    printfa.o(i._printf_core) refers to uldiv.o(.text) for __aeabi_uldivmod
    printfa.o(i._printf_core) refers to printfa.o(i._printf_post_padding) for _printf_post_padding
    printfa.o(i._printf_core) refers to printfa.o(i._fp_digits) for _fp_digits
    printfa.o(i._printf_core) refers to uidiv.o(.text) for __aeabi_uidivmod
    printfa.o(i._printf_post_padding) refers (Special) to iusefp.o(.text) for __I$use$fp
    printfa.o(i._printf_pre_padding) refers (Special) to iusefp.o(.text) for __I$use$fp
    printfa.o(i._snputc) refers (Special) to iusefp.o(.text) for __I$use$fp
    printfa.o(i._sputc) refers (Special) to iusefp.o(.text) for __I$use$fp
    entry2.o(.ARM.Collect$$$$00000001) refers to entry2.o(.ARM.Collect$$$$00002712) for __lit__00000000
    entry2.o(.ARM.Collect$$$$00002712) refers to startup_stm32f10x_md.o(STACK) for __initial_sp
    entry2.o(__vectab_stack_and_reset_area) refers to startup_stm32f10x_md.o(STACK) for __initial_sp
    entry2.o(__vectab_stack_and_reset_area) refers to entry.o(.ARM.Collect$$$$00000000) for __main
    entry5.o(.ARM.Collect$$$$00000004) refers to init.o(.text) for __scatterload
    entry9a.o(.ARM.Collect$$$$0000000B) refers to main.o(i.main) for main
    entry9b.o(.ARM.Collect$$$$0000000C) refers to main.o(i.main) for main
    fputc.o(i.fputc) refers (Special) to iusesemip.o(.text) for __I$use$semihosting$fputc
    fputc.o(i.fputc) refers (Special) to semi.o(.text) for __semihosting_library_function
    uldiv.o(.text) refers to llushr.o(.text) for __aeabi_llsr
    uldiv.o(.text) refers to llshl.o(.text) for __aeabi_llsl
    localtime_w.o(.text) refers to localtime_i.o(.text) for _localtime
    localtime_w.o(.text) refers to localtime_w.o(.bss) for .bss
    localtime_i.o(.text) refers to localtime_i.o(.constdata) for .constdata
    dadd.o(.text) refers to llshl.o(.text) for __aeabi_llsl
    dadd.o(.text) refers to llsshr.o(.text) for __aeabi_lasr
    dadd.o(.text) refers to depilogue.o(.text) for _double_epilogue
    dmul.o(.text) refers to depilogue.o(.text) for _double_epilogue
    ddiv.o(.text) refers to depilogue.o(.text) for _double_round
    dfixul.o(.text) refers to llushr.o(.text) for __aeabi_llsr
    dfixul.o(.text) refers to llshl.o(.text) for __aeabi_llsl
    init.o(.text) refers to entry5.o(.ARM.Collect$$$$00000004) for __main_after_scatterload
    depilogue.o(.text) refers to llshl.o(.text) for __aeabi_llsl
    depilogue.o(.text) refers to llushr.o(.text) for __aeabi_llsr


==============================================================================

Removing Unused input sections from the image.

    Removing main.o(i.Delay), (10 bytes).
    Removing main.o(i.IDWG_Configuration), (36 bytes).
    Removing main.o(i.RCC_Configuration), (100 bytes).
    Removing rtc_time.o(i.Time_GetUnixTime), (8 bytes).
    Removing startup_stm32f10x_md.o(HEAP), (512 bytes).
    Removing system_stm32f10x.o(i.SystemCoreClockUpdate), (164 bytes).
    Removing system_stm32f10x.o(.data), (20 bytes).
    Removing stm32f10x_bkp.o(i.BKP_ClearFlag), (20 bytes).
    Removing stm32f10x_bkp.o(i.BKP_ClearITPendingBit), (20 bytes).
    Removing stm32f10x_bkp.o(i.BKP_GetFlagStatus), (12 bytes).
    Removing stm32f10x_bkp.o(i.BKP_GetITStatus), (12 bytes).
    Removing stm32f10x_bkp.o(i.BKP_ITConfig), (12 bytes).
    Removing stm32f10x_bkp.o(i.BKP_SetRTCCalibrationValue), (28 bytes).
    Removing stm32f10x_bkp.o(i.BKP_TamperPinLevelConfig), (12 bytes).
    Removing stm32f10x_gpio.o(i.GPIO_AFIODeInit), (20 bytes).
    Removing stm32f10x_gpio.o(i.GPIO_DeInit), (200 bytes).
    Removing stm32f10x_gpio.o(i.GPIO_ETH_MediaInterfaceConfig), (12 bytes).
    Removing stm32f10x_gpio.o(i.GPIO_EXTILineConfig), (64 bytes).
    Removing stm32f10x_gpio.o(i.GPIO_EventOutputCmd), (12 bytes).
    Removing stm32f10x_gpio.o(i.GPIO_EventOutputConfig), (32 bytes).
    Removing stm32f10x_gpio.o(i.GPIO_PinLockConfig), (18 bytes).
    Removing stm32f10x_gpio.o(i.GPIO_PinRemapConfig), (144 bytes).
    Removing stm32f10x_gpio.o(i.GPIO_ReadInputData), (8 bytes).
    Removing stm32f10x_gpio.o(i.GPIO_ReadInputDataBit), (18 bytes).
    Removing stm32f10x_gpio.o(i.GPIO_ReadOutputData), (8 bytes).
    Removing stm32f10x_gpio.o(i.GPIO_ReadOutputDataBit), (18 bytes).
    Removing stm32f10x_gpio.o(i.GPIO_ResetBits), (4 bytes).
    Removing stm32f10x_gpio.o(i.GPIO_SetBits), (4 bytes).
    Removing stm32f10x_gpio.o(i.GPIO_StructInit), (16 bytes).
    Removing stm32f10x_gpio.o(i.GPIO_Write), (4 bytes).
    Removing stm32f10x_gpio.o(i.GPIO_WriteBit), (10 bytes).
    Removing stm32f10x_pwr.o(i.PWR_ClearFlag), (20 bytes).
    Removing stm32f10x_pwr.o(i.PWR_DeInit), (22 bytes).
    Removing stm32f10x_pwr.o(i.PWR_EnterSTANDBYMode), (52 bytes).
    Removing stm32f10x_pwr.o(i.PWR_EnterSTOPMode), (64 bytes).
    Removing stm32f10x_pwr.o(i.PWR_GetFlagStatus), (24 bytes).
    Removing stm32f10x_pwr.o(i.PWR_PVDCmd), (12 bytes).
    Removing stm32f10x_pwr.o(i.PWR_PVDLevelConfig), (24 bytes).
    Removing stm32f10x_pwr.o(i.PWR_WakeUpPinCmd), (12 bytes).
    Removing stm32f10x_rcc.o(i.RCC_ADCCLKConfig), (24 bytes).
    Removing stm32f10x_rcc.o(i.RCC_AHBPeriphClockCmd), (32 bytes).
    Removing stm32f10x_rcc.o(i.RCC_APB1PeriphResetCmd), (32 bytes).
    Removing stm32f10x_rcc.o(i.RCC_APB2PeriphResetCmd), (32 bytes).
    Removing stm32f10x_rcc.o(i.RCC_AdjustHSICalibrationValue), (24 bytes).
    Removing stm32f10x_rcc.o(i.RCC_ClearITPendingBit), (12 bytes).
    Removing stm32f10x_rcc.o(i.RCC_ClockSecuritySystemCmd), (12 bytes).
    Removing stm32f10x_rcc.o(i.RCC_DeInit), (76 bytes).
    Removing stm32f10x_rcc.o(i.RCC_GetITStatus), (24 bytes).
    Removing stm32f10x_rcc.o(i.RCC_GetSYSCLKSource), (16 bytes).
    Removing stm32f10x_rcc.o(i.RCC_HCLKConfig), (24 bytes).
    Removing stm32f10x_rcc.o(i.RCC_HSEConfig), (76 bytes).
    Removing stm32f10x_rcc.o(i.RCC_HSICmd), (12 bytes).
    Removing stm32f10x_rcc.o(i.RCC_ITConfig), (32 bytes).
    Removing stm32f10x_rcc.o(i.RCC_LSEConfig), (52 bytes).
    Removing stm32f10x_rcc.o(i.RCC_MCOConfig), (12 bytes).
    Removing stm32f10x_rcc.o(i.RCC_PCLK1Config), (24 bytes).
    Removing stm32f10x_rcc.o(i.RCC_PCLK2Config), (24 bytes).
    Removing stm32f10x_rcc.o(i.RCC_PLLCmd), (12 bytes).
    Removing stm32f10x_rcc.o(i.RCC_PLLConfig), (28 bytes).
    Removing stm32f10x_rcc.o(i.RCC_SYSCLKConfig), (24 bytes).
    Removing stm32f10x_rcc.o(i.RCC_USBCLKConfig), (12 bytes).
    Removing stm32f10x_rcc.o(i.RCC_WaitForHSEStartUp), (56 bytes).
    Removing stm32f10x_rtc.o(i.RTC_ClearFlag), (16 bytes).
    Removing stm32f10x_rtc.o(i.RTC_GetDivider), (24 bytes).
    Removing stm32f10x_rtc.o(i.RTC_GetFlagStatus), (24 bytes).
    Removing stm32f10x_rtc.o(i.RTC_SetAlarm), (28 bytes).
    Removing stm32f10x_usart.o(i.USART_ClearFlag), (18 bytes).
    Removing stm32f10x_usart.o(i.USART_ClearITPendingBit), (30 bytes).
    Removing stm32f10x_usart.o(i.USART_ClockInit), (34 bytes).
    Removing stm32f10x_usart.o(i.USART_ClockStructInit), (12 bytes).
    Removing stm32f10x_usart.o(i.USART_DMACmd), (18 bytes).
    Removing stm32f10x_usart.o(i.USART_DeInit), (156 bytes).
    Removing stm32f10x_usart.o(i.USART_GetITStatus), (84 bytes).
    Removing stm32f10x_usart.o(i.USART_HalfDuplexCmd), (24 bytes).
    Removing stm32f10x_usart.o(i.USART_IrDACmd), (24 bytes).
    Removing stm32f10x_usart.o(i.USART_IrDAConfig), (18 bytes).
    Removing stm32f10x_usart.o(i.USART_LINBreakDetectLengthConfig), (18 bytes).
    Removing stm32f10x_usart.o(i.USART_LINCmd), (24 bytes).
    Removing stm32f10x_usart.o(i.USART_OneBitMethodCmd), (24 bytes).
    Removing stm32f10x_usart.o(i.USART_OverSampling8Cmd), (22 bytes).
    Removing stm32f10x_usart.o(i.USART_ReceiverWakeUpCmd), (24 bytes).
    Removing stm32f10x_usart.o(i.USART_SendBreak), (10 bytes).
    Removing stm32f10x_usart.o(i.USART_SendData), (8 bytes).
    Removing stm32f10x_usart.o(i.USART_SetAddress), (18 bytes).
    Removing stm32f10x_usart.o(i.USART_SetGuardTime), (16 bytes).
    Removing stm32f10x_usart.o(i.USART_SetPrescaler), (16 bytes).
    Removing stm32f10x_usart.o(i.USART_SmartCardCmd), (24 bytes).
    Removing stm32f10x_usart.o(i.USART_SmartCardNACKCmd), (24 bytes).
    Removing stm32f10x_usart.o(i.USART_StructInit), (24 bytes).
    Removing stm32f10x_usart.o(i.USART_WakeUpConfig), (18 bytes).
    Removing misc.o(i.NVIC_SetVectorTable), (20 bytes).
    Removing misc.o(i.NVIC_SystemLPConfig), (32 bytes).
    Removing misc.o(i.SysTick_CLKSourceConfig), (40 bytes).
    Removing dadd.o(.text), (334 bytes).
    Removing dmul.o(.text), (228 bytes).
    Removing ddiv.o(.text), (222 bytes).
    Removing dfixul.o(.text), (48 bytes).
    Removing cdrcmple.o(.text), (48 bytes).
    Removing depilogue.o(.text), (186 bytes).

99 unused section(s) (total 4398 bytes) removed from the image.

==============================================================================

Image Symbol Table

    Local Symbols

    Symbol Name                              Value     Ov Type        Size  Object(Section)

    ../clib/microlib/division.c              0x00000000   Number         0  uldiv.o ABSOLUTE
    ../clib/microlib/division.c              0x00000000   Number         0  uidiv.o ABSOLUTE
    ../clib/microlib/init/entry.s            0x00000000   Number         0  entry8b.o ABSOLUTE
    ../clib/microlib/init/entry.s            0x00000000   Number         0  entry.o ABSOLUTE
    ../clib/microlib/init/entry.s            0x00000000   Number         0  entry11b.o ABSOLUTE
    ../clib/microlib/init/entry.s            0x00000000   Number         0  entry10b.o ABSOLUTE
    ../clib/microlib/init/entry.s            0x00000000   Number         0  entry2.o ABSOLUTE
    ../clib/microlib/init/entry.s            0x00000000   Number         0  entry11a.o ABSOLUTE
    ../clib/microlib/init/entry.s            0x00000000   Number         0  entry10a.o ABSOLUTE
    ../clib/microlib/init/entry.s            0x00000000   Number         0  entry9b.o ABSOLUTE
    ../clib/microlib/init/entry.s            0x00000000   Number         0  entry9a.o ABSOLUTE
    ../clib/microlib/init/entry.s            0x00000000   Number         0  entry5.o ABSOLUTE
    ../clib/microlib/init/entry.s            0x00000000   Number         0  entry7a.o ABSOLUTE
    ../clib/microlib/init/entry.s            0x00000000   Number         0  entry7b.o ABSOLUTE
    ../clib/microlib/init/entry.s            0x00000000   Number         0  entry8a.o ABSOLUTE
    ../clib/microlib/longlong.c              0x00000000   Number         0  llushr.o ABSOLUTE
    ../clib/microlib/longlong.c              0x00000000   Number         0  llshl.o ABSOLUTE
    ../clib/microlib/longlong.c              0x00000000   Number         0  llsshr.o ABSOLUTE
    ../clib/microlib/printf/printf.c         0x00000000   Number         0  printfb.o ABSOLUTE
    ../clib/microlib/printf/printf.c         0x00000000   Number         0  printf0.o ABSOLUTE
    ../clib/microlib/printf/printf.c         0x00000000   Number         0  printf5.o ABSOLUTE
    ../clib/microlib/printf/printf.c         0x00000000   Number         0  printfa.o ABSOLUTE
    ../clib/microlib/printf/printf.c         0x00000000   Number         0  printf1.o ABSOLUTE
    ../clib/microlib/printf/printf.c         0x00000000   Number         0  printf2.o ABSOLUTE
    ../clib/microlib/printf/printf.c         0x00000000   Number         0  printf8.o ABSOLUTE
    ../clib/microlib/printf/printf.c         0x00000000   Number         0  printf7.o ABSOLUTE
    ../clib/microlib/printf/printf.c         0x00000000   Number         0  printf6.o ABSOLUTE
    ../clib/microlib/printf/printf.c         0x00000000   Number         0  printf4.o ABSOLUTE
    ../clib/microlib/printf/printf.c         0x00000000   Number         0  printf3.o ABSOLUTE
    ../clib/microlib/printf/stubs.s          0x00000000   Number         0  stubs.o ABSOLUTE
    ../clib/microlib/stdio/fputc.c           0x00000000   Number         0  fputc.o ABSOLUTE
    ../clib/microlib/stdio/semi.s            0x00000000   Number         0  semi.o ABSOLUTE
    ../clib/microlib/stdio/streams.c         0x00000000   Number         0  stdout.o ABSOLUTE
    ../clib/microlib/string/memcpy.c         0x00000000   Number         0  memcpya.o ABSOLUTE
    ../clib/microlib/string/memcpy.c         0x00000000   Number         0  memcpyb.o ABSOLUTE
    ../clib/microlib/string/memset.c         0x00000000   Number         0  memseta.o ABSOLUTE
    ../clib/microlib/stubs.s                 0x00000000   Number         0  iusesemip.o ABSOLUTE
    ../clib/microlib/stubs.s                 0x00000000   Number         0  iusefp.o ABSOLUTE
    ../clib/microlib/time/localtime.c        0x00000000   Number         0  localtime.o ABSOLUTE
    ../clib/microlib/time/localtime.c        0x00000000   Number         0  localtime_w.o ABSOLUTE
    ../clib/microlib/time/localtime.c        0x00000000   Number         0  localtime_i.o ABSOLUTE
    ../clib/microlib/time/mktime.c           0x00000000   Number         0  mktime.o ABSOLUTE
    ../fplib/microlib/fpadd.c                0x00000000   Number         0  dadd.o ABSOLUTE
    ../fplib/microlib/fpdiv.c                0x00000000   Number         0  ddiv.o ABSOLUTE
    ../fplib/microlib/fpepilogue.c           0x00000000   Number         0  depilogue.o ABSOLUTE
    ../fplib/microlib/fpfix.c                0x00000000   Number         0  dfixul.o ABSOLUTE
    ../fplib/microlib/fpmul.c                0x00000000   Number         0  dmul.o ABSOLUTE
    ..\LIBS\STM32F10x\stm32f10x_it.c         0x00000000   Number         0  stm32f10x_it.o ABSOLUTE
    ..\LIBS\STM32F10x\system_stm32f10x.c     0x00000000   Number         0  system_stm32f10x.o ABSOLUTE
    ..\LIBS\STM32F10x_StdPeriph_Driver\src\misc.c 0x00000000   Number         0  misc.o ABSOLUTE
    ..\LIBS\STM32F10x_StdPeriph_Driver\src\stm32f10x_bkp.c 0x00000000   Number         0  stm32f10x_bkp.o ABSOLUTE
    ..\LIBS\STM32F10x_StdPeriph_Driver\src\stm32f10x_gpio.c 0x00000000   Number         0  stm32f10x_gpio.o ABSOLUTE
    ..\LIBS\STM32F10x_StdPeriph_Driver\src\stm32f10x_pwr.c 0x00000000   Number         0  stm32f10x_pwr.o ABSOLUTE
    ..\LIBS\STM32F10x_StdPeriph_Driver\src\stm32f10x_rcc.c 0x00000000   Number         0  stm32f10x_rcc.o ABSOLUTE
    ..\LIBS\STM32F10x_StdPeriph_Driver\src\stm32f10x_rtc.c 0x00000000   Number         0  stm32f10x_rtc.o ABSOLUTE
    ..\LIBS\STM32F10x_StdPeriph_Driver\src\stm32f10x_usart.c 0x00000000   Number         0  stm32f10x_usart.o ABSOLUTE
    ..\LIBS\startup\arm\startup_stm32f10x_md.s 0x00000000   Number         0  startup_stm32f10x_md.o ABSOLUTE
    ..\USER\RTC_Time.c                       0x00000000   Number         0  rtc_time.o ABSOLUTE
    ..\USER\main.c                           0x00000000   Number         0  main.o ABSOLUTE
    cdrcmple.s                               0x00000000   Number         0  cdrcmple.o ABSOLUTE
    dc.s                                     0x00000000   Number         0  dc.o ABSOLUTE
    handlers.s                               0x00000000   Number         0  handlers.o ABSOLUTE
    init.s                                   0x00000000   Number         0  init.o ABSOLUTE
    RESET                                    0x08000000   Section      236  startup_stm32f10x_md.o(RESET)
    .ARM.Collect$$$$00000000                 0x080000ec   Section        0  entry.o(.ARM.Collect$$$$00000000)
    .ARM.Collect$$$$00000001                 0x080000ec   Section        4  entry2.o(.ARM.Collect$$$$00000001)
    .ARM.Collect$$$$00000004                 0x080000f0   Section        4  entry5.o(.ARM.Collect$$$$00000004)
    .ARM.Collect$$$$00000008                 0x080000f4   Section        0  entry7b.o(.ARM.Collect$$$$00000008)
    .ARM.Collect$$$$0000000A                 0x080000f4   Section        0  entry8b.o(.ARM.Collect$$$$0000000A)
    .ARM.Collect$$$$0000000B                 0x080000f4   Section        8  entry9a.o(.ARM.Collect$$$$0000000B)
    .ARM.Collect$$$$0000000D                 0x080000fc   Section        0  entry10a.o(.ARM.Collect$$$$0000000D)
    .ARM.Collect$$$$0000000F                 0x080000fc   Section        0  entry11a.o(.ARM.Collect$$$$0000000F)
    .ARM.Collect$$$$00002712                 0x080000fc   Section        4  entry2.o(.ARM.Collect$$$$00002712)
    __lit__00000000                          0x080000fc   Data           4  entry2.o(.ARM.Collect$$$$00002712)
    .text                                    0x08000100   Section       36  startup_stm32f10x_md.o(.text)
    .text                                    0x08000124   Section        0  mktime.o(.text)
    .text                                    0x080001cc   Section        0  memcpya.o(.text)
    .text                                    0x080001f0   Section        0  memseta.o(.text)
    .text                                    0x08000214   Section        0  uidiv.o(.text)
    .text                                    0x08000240   Section        0  localtime_w.o(.text)
    .text                                    0x0800024c   Section        0  localtime_i.o(.text)
    .text                                    0x080002d8   Section       36  init.o(.text)
    .text                                    0x080002fc   Section        0  iusesemip.o(.text)
    .text                                    0x080002fc   Section        0  semi.o(.text)
    i.BKP_DeInit                             0x080002fc   Section        0  stm32f10x_bkp.o(i.BKP_DeInit)
    i.BKP_RTCOutputConfig                    0x0800030c   Section        0  stm32f10x_bkp.o(i.BKP_RTCOutputConfig)
    i.BKP_ReadBackupRegister                 0x08000328   Section        0  stm32f10x_bkp.o(i.BKP_ReadBackupRegister)
    i.BKP_TamperPinCmd                       0x08000344   Section        0  stm32f10x_bkp.o(i.BKP_TamperPinCmd)
    i.BKP_WriteBackupRegister                0x08000350   Section        0  stm32f10x_bkp.o(i.BKP_WriteBackupRegister)
    i.BusFault_Handler                       0x0800036c   Section        0  stm32f10x_it.o(i.BusFault_Handler)
    i.DebugMon_Handler                       0x08000370   Section        0  stm32f10x_it.o(i.DebugMon_Handler)
    i.GPIO_Configuration                     0x08000374   Section        0  main.o(i.GPIO_Configuration)
    i.GPIO_Init                              0x080003a0   Section        0  stm32f10x_gpio.o(i.GPIO_Init)
    i.HardFault_Handler                      0x080004b8   Section        0  stm32f10x_it.o(i.HardFault_Handler)
    i.MemManage_Handler                      0x080004e0   Section        0  stm32f10x_it.o(i.MemManage_Handler)
    i.NMI_Handler                            0x080004e4   Section        0  stm32f10x_it.o(i.NMI_Handler)
    i.NVIC_Configuration                     0x080004e6   Section        0  rtc_time.o(i.NVIC_Configuration)
    NVIC_Configuration                       0x080004e7   Thumb Code    42  rtc_time.o(i.NVIC_Configuration)
    i.NVIC_Init                              0x08000510   Section        0  misc.o(i.NVIC_Init)
    i.NVIC_PriorityGroupConfig               0x08000580   Section        0  misc.o(i.NVIC_PriorityGroupConfig)
    i.PWR_BackupAccessCmd                    0x08000594   Section        0  stm32f10x_pwr.o(i.PWR_BackupAccessCmd)
    i.PendSV_Handler                         0x080005a0   Section        0  stm32f10x_it.o(i.PendSV_Handler)
    i.RCC_APB1PeriphClockCmd                 0x080005a4   Section        0  stm32f10x_rcc.o(i.RCC_APB1PeriphClockCmd)
    i.RCC_APB2PeriphClockCmd                 0x080005c4   Section        0  stm32f10x_rcc.o(i.RCC_APB2PeriphClockCmd)
    i.RCC_BackupResetCmd                     0x080005e4   Section        0  stm32f10x_rcc.o(i.RCC_BackupResetCmd)
    i.RCC_ClearFlag                          0x080005f0   Section        0  stm32f10x_rcc.o(i.RCC_ClearFlag)
    i.RCC_GetClocksFreq                      0x08000604   Section        0  stm32f10x_rcc.o(i.RCC_GetClocksFreq)
    i.RCC_GetFlagStatus                      0x080006d8   Section        0  stm32f10x_rcc.o(i.RCC_GetFlagStatus)
    i.RCC_LSICmd                             0x08000714   Section        0  stm32f10x_rcc.o(i.RCC_LSICmd)
    i.RCC_RTCCLKCmd                          0x08000720   Section        0  stm32f10x_rcc.o(i.RCC_RTCCLKCmd)
    i.RCC_RTCCLKConfig                       0x0800072c   Section        0  stm32f10x_rcc.o(i.RCC_RTCCLKConfig)
    i.RTC_ClearITPendingBit                  0x0800073c   Section        0  stm32f10x_rtc.o(i.RTC_ClearITPendingBit)
    i.RTC_EnterConfigMode                    0x0800074c   Section        0  stm32f10x_rtc.o(i.RTC_EnterConfigMode)
    i.RTC_ExitConfigMode                     0x08000760   Section        0  stm32f10x_rtc.o(i.RTC_ExitConfigMode)
    i.RTC_GetCounter                         0x08000774   Section        0  stm32f10x_rtc.o(i.RTC_GetCounter)
    i.RTC_GetITStatus                        0x08000788   Section        0  stm32f10x_rtc.o(i.RTC_GetITStatus)
    i.RTC_IRQHandler                         0x080007ac   Section        0  rtc_time.o(i.RTC_IRQHandler)
    i.RTC_ITConfig                           0x080007c4   Section        0  stm32f10x_rtc.o(i.RTC_ITConfig)
    i.RTC_Init                               0x080007e4   Section        0  rtc_time.o(i.RTC_Init)
    i.RTC_ReConfig                           0x08000910   Section        0  rtc_time.o(i.RTC_ReConfig)
    RTC_ReConfig                             0x08000911   Thumb Code    66  rtc_time.o(i.RTC_ReConfig)
    i.RTC_SetCounter                         0x08000954   Section        0  stm32f10x_rtc.o(i.RTC_SetCounter)
    i.RTC_SetPrescaler                       0x08000970   Section        0  stm32f10x_rtc.o(i.RTC_SetPrescaler)
    i.RTC_WaitForLastTask                    0x08000990   Section        0  stm32f10x_rtc.o(i.RTC_WaitForLastTask)
    i.RTC_WaitForSynchro                     0x080009a4   Section        0  stm32f10x_rtc.o(i.RTC_WaitForSynchro)
    i.SVC_Handler                            0x080009c8   Section        0  stm32f10x_it.o(i.SVC_Handler)
    i.SetSysClock                            0x080009ca   Section        0  system_stm32f10x.o(i.SetSysClock)
    SetSysClock                              0x080009cb   Thumb Code     8  system_stm32f10x.o(i.SetSysClock)
    i.SetSysClockTo72                        0x080009d4   Section        0  system_stm32f10x.o(i.SetSysClockTo72)
    SetSysClockTo72                          0x080009d5   Thumb Code   214  system_stm32f10x.o(i.SetSysClockTo72)
    i.SysTick_Handler                        0x08000ab4   Section        0  stm32f10x_it.o(i.SysTick_Handler)
    i.SystemInit                             0x08000ab8   Section        0  system_stm32f10x.o(i.SystemInit)
    i.Time_ConvCalendarToUnix                0x08000b18   Section        0  rtc_time.o(i.Time_ConvCalendarToUnix)
    i.Time_ConvUnixToCalendar                0x08000b30   Section        0  rtc_time.o(i.Time_ConvUnixToCalendar)
    i.Time_Display                           0x08000b50   Section        0  rtc_time.o(i.Time_Display)
    i.Time_GetCalendarTime                   0x08000b9c   Section        0  rtc_time.o(i.Time_GetCalendarTime)
    i.Time_Regulate                          0x08000bc0   Section        0  rtc_time.o(i.Time_Regulate)
    i.Time_SetCalendarTime                   0x08000fc0   Section        0  rtc_time.o(i.Time_SetCalendarTime)
    i.Time_SetUnixTime                       0x08000fe6   Section        0  rtc_time.o(i.Time_SetUnixTime)
    i.USART_Cmd                              0x08000ffa   Section        0  stm32f10x_usart.o(i.USART_Cmd)
    i.USART_Configuration                    0x08001014   Section        0  main.o(i.USART_Configuration)
    i.USART_GetFlagStatus                    0x080010ac   Section        0  stm32f10x_usart.o(i.USART_GetFlagStatus)
    i.USART_ITConfig                         0x080010c6   Section        0  stm32f10x_usart.o(i.USART_ITConfig)
    i.USART_Init                             0x08001110   Section        0  stm32f10x_usart.o(i.USART_Init)
    i.USART_ReceiveData                      0x080011e8   Section        0  stm32f10x_usart.o(i.USART_ReceiveData)
    i.UsageFault_Handler                     0x080011f2   Section        0  stm32f10x_it.o(i.UsageFault_Handler)
    i.__0printf$6                            0x080011f8   Section        0  printf6.o(i.__0printf$6)
    i.__scatterload_copy                     0x08001218   Section       14  handlers.o(i.__scatterload_copy)
    i.__scatterload_null                     0x08001226   Section        2  handlers.o(i.__scatterload_null)
    i.__scatterload_zeroinit                 0x08001228   Section       14  handlers.o(i.__scatterload_zeroinit)
    i._printf_core                           0x08001238   Section        0  printf6.o(i._printf_core)
    _printf_core                             0x08001239   Thumb Code   748  printf6.o(i._printf_core)
    i._printf_post_padding                   0x08001528   Section        0  printf6.o(i._printf_post_padding)
    _printf_post_padding                     0x08001529   Thumb Code    36  printf6.o(i._printf_post_padding)
    i._printf_pre_padding                    0x0800154c   Section        0  printf6.o(i._printf_pre_padding)
    _printf_pre_padding                      0x0800154d   Thumb Code    46  printf6.o(i._printf_pre_padding)
    i.fputc                                  0x0800157a   Section        0  fputc.o(i.fputc)
    i.main                                   0x0800158c   Section        0  main.o(i.main)
    .constdata                               0x0800159c   Section       12  mktime.o(.constdata)
    monlen                                   0x0800159c   Data          12  mktime.o(.constdata)
    .constdata                               0x080015a8   Section       12  localtime_i.o(.constdata)
    monlen                                   0x080015a8   Data          12  localtime_i.o(.constdata)
    .data                                    0x20000000   Section       20  stm32f10x_rcc.o(.data)
    APBAHBPrescTable                         0x20000000   Data          16  stm32f10x_rcc.o(.data)
    ADCPrescTable                            0x20000010   Data           4  stm32f10x_rcc.o(.data)
    .data                                    0x20000014   Section        4  stdout.o(.data)
    .bss                                     0x20000018   Section       44  localtime_w.o(.bss)
    _tms                                     0x20000018   Data          44  localtime_w.o(.bss)
    STACK                                    0x20000048   Section     1024  startup_stm32f10x_md.o(STACK)

    Global Symbols

    Symbol Name                              Value     Ov Type        Size  Object(Section)

    BuildAttributes$$THM_ISAv4$P$D$K$B$S$PE$A:L22UL41UL21$X:L11$S22US41US21$IEEE1$IW$USESV6$~STKCKD$USESV7$~SHL$OSPACE$ROPI$EBA8$MICROLIB$REQ8$PRES8$EABIv2 0x00000000   Number         0  anon$$obj.o ABSOLUTE
    __ARM_use_no_argv                        0x00000000   Number         0  main.o ABSOLUTE
    _printf_a                                0x00000000   Number         0  stubs.o ABSOLUTE
    _printf_c                                0x00000000   Number         0  stubs.o ABSOLUTE
    _printf_charcount                        0x00000000   Number         0  stubs.o ABSOLUTE
    _printf_d                                0x00000000   Number         0  stubs.o ABSOLUTE
    _printf_e                                0x00000000   Number         0  stubs.o ABSOLUTE
    _printf_f                                0x00000000   Number         0  stubs.o ABSOLUTE
    _printf_flags                            0x00000000   Number         0  stubs.o ABSOLUTE
    _printf_fp_dec                           0x00000000   Number         0  stubs.o ABSOLUTE
    _printf_fp_hex                           0x00000000   Number         0  stubs.o ABSOLUTE
    _printf_g                                0x00000000   Number         0  stubs.o ABSOLUTE
    _printf_i                                0x00000000   Number         0  stubs.o ABSOLUTE
    _printf_int_dec                          0x00000000   Number         0  stubs.o ABSOLUTE
    _printf_l                                0x00000000   Number         0  stubs.o ABSOLUTE
    _printf_lc                               0x00000000   Number         0  stubs.o ABSOLUTE
    _printf_ll                               0x00000000   Number         0  stubs.o ABSOLUTE
    _printf_lld                              0x00000000   Number         0  stubs.o ABSOLUTE
    _printf_lli                              0x00000000   Number         0  stubs.o ABSOLUTE
    _printf_llo                              0x00000000   Number         0  stubs.o ABSOLUTE
    _printf_llu                              0x00000000   Number         0  stubs.o ABSOLUTE
    _printf_llx                              0x00000000   Number         0  stubs.o ABSOLUTE
    _printf_longlong_dec                     0x00000000   Number         0  stubs.o ABSOLUTE
    _printf_longlong_hex                     0x00000000   Number         0  stubs.o ABSOLUTE
    _printf_longlong_oct                     0x00000000   Number         0  stubs.o ABSOLUTE
    _printf_ls                               0x00000000   Number         0  stubs.o ABSOLUTE
    _printf_mbtowc                           0x00000000   Number         0  stubs.o ABSOLUTE
    _printf_n                                0x00000000   Number         0  stubs.o ABSOLUTE
    _printf_o                                0x00000000   Number         0  stubs.o ABSOLUTE
    _printf_p                                0x00000000   Number         0  stubs.o ABSOLUTE
    _printf_percent                          0x00000000   Number         0  stubs.o ABSOLUTE
    _printf_pre_padding                      0x00000000   Number         0  stubs.o ABSOLUTE
    _printf_return_value                     0x00000000   Number         0  stubs.o ABSOLUTE
    _printf_s                                0x00000000   Number         0  stubs.o ABSOLUTE
    _printf_sizespec                         0x00000000   Number         0  stubs.o ABSOLUTE
    _printf_str                              0x00000000   Number         0  stubs.o ABSOLUTE
    _printf_truncate_signed                  0x00000000   Number         0  stubs.o ABSOLUTE
    _printf_truncate_unsigned                0x00000000   Number         0  stubs.o ABSOLUTE
    _printf_u                                0x00000000   Number         0  stubs.o ABSOLUTE
    _printf_wc                               0x00000000   Number         0  stubs.o ABSOLUTE
    _printf_wctomb                           0x00000000   Number         0  stubs.o ABSOLUTE
    _printf_widthprec                        0x00000000   Number         0  stubs.o ABSOLUTE
    _printf_x                                0x00000000   Number         0  stubs.o ABSOLUTE
    __cpp_initialize__aeabi_                  - Undefined Weak Reference
    __cxa_finalize                            - Undefined Weak Reference
    __decompress                              - Undefined Weak Reference
    _clock_init                               - Undefined Weak Reference
    _microlib_exit                            - Undefined Weak Reference
    __Vectors_Size                           0x000000ec   Number         0  startup_stm32f10x_md.o ABSOLUTE
    __Vectors                                0x08000000   Data           4  startup_stm32f10x_md.o(RESET)
    __Vectors_End                            0x080000ec   Data           0  startup_stm32f10x_md.o(RESET)
    __main                                   0x080000ed   Thumb Code     0  entry.o(.ARM.Collect$$$$00000000)
    _main_stk                                0x080000ed   Thumb Code     0  entry2.o(.ARM.Collect$$$$00000001)
    _main_scatterload                        0x080000f1   Thumb Code     0  entry5.o(.ARM.Collect$$$$00000004)
    __main_after_scatterload                 0x080000f5   Thumb Code     0  entry5.o(.ARM.Collect$$$$00000004)
    _main_clock                              0x080000f5   Thumb Code     0  entry7b.o(.ARM.Collect$$$$00000008)
    _main_cpp_init                           0x080000f5   Thumb Code     0  entry8b.o(.ARM.Collect$$$$0000000A)
    _main_init                               0x080000f5   Thumb Code     0  entry9a.o(.ARM.Collect$$$$0000000B)
    __rt_final_cpp                           0x080000fd   Thumb Code     0  entry10a.o(.ARM.Collect$$$$0000000D)
    __rt_final_exit                          0x080000fd   Thumb Code     0  entry11a.o(.ARM.Collect$$$$0000000F)
    Reset_Handler                            0x08000101   Thumb Code     8  startup_stm32f10x_md.o(.text)
    ADC1_2_IRQHandler                        0x0800011b   Thumb Code     0  startup_stm32f10x_md.o(.text)
    CAN1_RX1_IRQHandler                      0x0800011b   Thumb Code     0  startup_stm32f10x_md.o(.text)
    CAN1_SCE_IRQHandler                      0x0800011b   Thumb Code     0  startup_stm32f10x_md.o(.text)
    DMA1_Channel1_IRQHandler                 0x0800011b   Thumb Code     0  startup_stm32f10x_md.o(.text)
    DMA1_Channel2_IRQHandler                 0x0800011b   Thumb Code     0  startup_stm32f10x_md.o(.text)
    DMA1_Channel3_IRQHandler                 0x0800011b   Thumb Code     0  startup_stm32f10x_md.o(.text)
    DMA1_Channel4_IRQHandler                 0x0800011b   Thumb Code     0  startup_stm32f10x_md.o(.text)
    DMA1_Channel5_IRQHandler                 0x0800011b   Thumb Code     0  startup_stm32f10x_md.o(.text)
    DMA1_Channel6_IRQHandler                 0x0800011b   Thumb Code     0  startup_stm32f10x_md.o(.text)
    DMA1_Channel7_IRQHandler                 0x0800011b   Thumb Code     0  startup_stm32f10x_md.o(.text)
    EXTI0_IRQHandler                         0x0800011b   Thumb Code     0  startup_stm32f10x_md.o(.text)
    EXTI15_10_IRQHandler                     0x0800011b   Thumb Code     0  startup_stm32f10x_md.o(.text)
    EXTI1_IRQHandler                         0x0800011b   Thumb Code     0  startup_stm32f10x_md.o(.text)
    EXTI2_IRQHandler                         0x0800011b   Thumb Code     0  startup_stm32f10x_md.o(.text)
    EXTI3_IRQHandler                         0x0800011b   Thumb Code     0  startup_stm32f10x_md.o(.text)
    EXTI4_IRQHandler                         0x0800011b   Thumb Code     0  startup_stm32f10x_md.o(.text)
    EXTI9_5_IRQHandler                       0x0800011b   Thumb Code     0  startup_stm32f10x_md.o(.text)
    FLASH_IRQHandler                         0x0800011b   Thumb Code     0  startup_stm32f10x_md.o(.text)
    I2C1_ER_IRQHandler                       0x0800011b   Thumb Code     0  startup_stm32f10x_md.o(.text)
    I2C1_EV_IRQHandler                       0x0800011b   Thumb Code     0  startup_stm32f10x_md.o(.text)
    I2C2_ER_IRQHandler                       0x0800011b   Thumb Code     0  startup_stm32f10x_md.o(.text)
    I2C2_EV_IRQHandler                       0x0800011b   Thumb Code     0  startup_stm32f10x_md.o(.text)
    PVD_IRQHandler                           0x0800011b   Thumb Code     0  startup_stm32f10x_md.o(.text)
    RCC_IRQHandler                           0x0800011b   Thumb Code     0  startup_stm32f10x_md.o(.text)
    RTCAlarm_IRQHandler                      0x0800011b   Thumb Code     0  startup_stm32f10x_md.o(.text)
    SPI1_IRQHandler                          0x0800011b   Thumb Code     0  startup_stm32f10x_md.o(.text)
    SPI2_IRQHandler                          0x0800011b   Thumb Code     0  startup_stm32f10x_md.o(.text)
    TAMPER_IRQHandler                        0x0800011b   Thumb Code     0  startup_stm32f10x_md.o(.text)
    TIM1_BRK_IRQHandler                      0x0800011b   Thumb Code     0  startup_stm32f10x_md.o(.text)
    TIM1_CC_IRQHandler                       0x0800011b   Thumb Code     0  startup_stm32f10x_md.o(.text)
    TIM1_TRG_COM_IRQHandler                  0x0800011b   Thumb Code     0  startup_stm32f10x_md.o(.text)
    TIM1_UP_IRQHandler                       0x0800011b   Thumb Code     0  startup_stm32f10x_md.o(.text)
    TIM2_IRQHandler                          0x0800011b   Thumb Code     0  startup_stm32f10x_md.o(.text)
    TIM3_IRQHandler                          0x0800011b   Thumb Code     0  startup_stm32f10x_md.o(.text)
    TIM4_IRQHandler                          0x0800011b   Thumb Code     0  startup_stm32f10x_md.o(.text)
    USART1_IRQHandler                        0x0800011b   Thumb Code     0  startup_stm32f10x_md.o(.text)
    USART2_IRQHandler                        0x0800011b   Thumb Code     0  startup_stm32f10x_md.o(.text)
    USART3_IRQHandler                        0x0800011b   Thumb Code     0  startup_stm32f10x_md.o(.text)
    USBWakeUp_IRQHandler                     0x0800011b   Thumb Code     0  startup_stm32f10x_md.o(.text)
    USB_HP_CAN1_TX_IRQHandler                0x0800011b   Thumb Code     0  startup_stm32f10x_md.o(.text)
    USB_LP_CAN1_RX0_IRQHandler               0x0800011b   Thumb Code     0  startup_stm32f10x_md.o(.text)
    WWDG_IRQHandler                          0x0800011b   Thumb Code     0  startup_stm32f10x_md.o(.text)
    mktime                                   0x08000125   Thumb Code   150  mktime.o(.text)
    __aeabi_memcpy                           0x080001cd   Thumb Code    36  memcpya.o(.text)
    __aeabi_memcpy4                          0x080001cd   Thumb Code     0  memcpya.o(.text)
    __aeabi_memcpy8                          0x080001cd   Thumb Code     0  memcpya.o(.text)
    __aeabi_memset                           0x080001f1   Thumb Code    14  memseta.o(.text)
    __aeabi_memset4                          0x080001f1   Thumb Code     0  memseta.o(.text)
    __aeabi_memset8                          0x080001f1   Thumb Code     0  memseta.o(.text)
    __aeabi_memclr                           0x080001ff   Thumb Code     4  memseta.o(.text)
    __aeabi_memclr4                          0x080001ff   Thumb Code     0  memseta.o(.text)
    __aeabi_memclr8                          0x080001ff   Thumb Code     0  memseta.o(.text)
    _memset$wrapper                          0x08000203   Thumb Code    18  memseta.o(.text)
    __aeabi_uidiv                            0x08000215   Thumb Code     0  uidiv.o(.text)
    __aeabi_uidivmod                         0x08000215   Thumb Code    44  uidiv.o(.text)
    localtime                                0x08000241   Thumb Code     6  localtime_w.o(.text)
    _localtime                               0x0800024d   Thumb Code   134  localtime_i.o(.text)
    __scatterload                            0x080002d9   Thumb Code    28  init.o(.text)
    __scatterload_rt2                        0x080002d9   Thumb Code     0  init.o(.text)
    BKP_DeInit                               0x080002fd   Thumb Code    16  stm32f10x_bkp.o(i.BKP_DeInit)
    __I$use$semihosting$fputc                0x080002fd   Thumb Code     0  iusesemip.o(.text)
    __semihosting_library_function           0x080002fd   Thumb Code     0  semi.o(.text)
    BKP_RTCOutputConfig                      0x0800030d   Thumb Code    22  stm32f10x_bkp.o(i.BKP_RTCOutputConfig)
    BKP_ReadBackupRegister                   0x08000329   Thumb Code    24  stm32f10x_bkp.o(i.BKP_ReadBackupRegister)
    BKP_TamperPinCmd                         0x08000345   Thumb Code     6  stm32f10x_bkp.o(i.BKP_TamperPinCmd)
    BKP_WriteBackupRegister                  0x08000351   Thumb Code    22  stm32f10x_bkp.o(i.BKP_WriteBackupRegister)
    BusFault_Handler                         0x0800036d   Thumb Code     4  stm32f10x_it.o(i.BusFault_Handler)
    DebugMon_Handler                         0x08000371   Thumb Code     2  stm32f10x_it.o(i.DebugMon_Handler)
    GPIO_Configuration                       0x08000375   Thumb Code    36  main.o(i.GPIO_Configuration)
    GPIO_Init                                0x080003a1   Thumb Code   278  stm32f10x_gpio.o(i.GPIO_Init)
    HardFault_Handler                        0x080004b9   Thumb Code    30  stm32f10x_it.o(i.HardFault_Handler)
    MemManage_Handler                        0x080004e1   Thumb Code     4  stm32f10x_it.o(i.MemManage_Handler)
    NMI_Handler                              0x080004e5   Thumb Code     2  stm32f10x_it.o(i.NMI_Handler)
    NVIC_Init                                0x08000511   Thumb Code   100  misc.o(i.NVIC_Init)
    NVIC_PriorityGroupConfig                 0x08000581   Thumb Code    10  misc.o(i.NVIC_PriorityGroupConfig)
    PWR_BackupAccessCmd                      0x08000595   Thumb Code     6  stm32f10x_pwr.o(i.PWR_BackupAccessCmd)
    PendSV_Handler                           0x080005a1   Thumb Code     2  stm32f10x_it.o(i.PendSV_Handler)
    RCC_APB1PeriphClockCmd                   0x080005a5   Thumb Code    26  stm32f10x_rcc.o(i.RCC_APB1PeriphClockCmd)
    RCC_APB2PeriphClockCmd                   0x080005c5   Thumb Code    26  stm32f10x_rcc.o(i.RCC_APB2PeriphClockCmd)
    RCC_BackupResetCmd                       0x080005e5   Thumb Code     6  stm32f10x_rcc.o(i.RCC_BackupResetCmd)
    RCC_ClearFlag                            0x080005f1   Thumb Code    14  stm32f10x_rcc.o(i.RCC_ClearFlag)
    RCC_GetClocksFreq                        0x08000605   Thumb Code   192  stm32f10x_rcc.o(i.RCC_GetClocksFreq)
    RCC_GetFlagStatus                        0x080006d9   Thumb Code    56  stm32f10x_rcc.o(i.RCC_GetFlagStatus)
    RCC_LSICmd                               0x08000715   Thumb Code     6  stm32f10x_rcc.o(i.RCC_LSICmd)
    RCC_RTCCLKCmd                            0x08000721   Thumb Code     6  stm32f10x_rcc.o(i.RCC_RTCCLKCmd)
    RCC_RTCCLKConfig                         0x0800072d   Thumb Code    12  stm32f10x_rcc.o(i.RCC_RTCCLKConfig)
    RTC_ClearITPendingBit                    0x0800073d   Thumb Code    12  stm32f10x_rtc.o(i.RTC_ClearITPendingBit)
    RTC_EnterConfigMode                      0x0800074d   Thumb Code    14  stm32f10x_rtc.o(i.RTC_EnterConfigMode)
    RTC_ExitConfigMode                       0x08000761   Thumb Code    16  stm32f10x_rtc.o(i.RTC_ExitConfigMode)
    RTC_GetCounter                           0x08000775   Thumb Code    16  stm32f10x_rtc.o(i.RTC_GetCounter)
    RTC_GetITStatus                          0x08000789   Thumb Code    32  stm32f10x_rtc.o(i.RTC_GetITStatus)
    RTC_IRQHandler                           0x080007ad   Thumb Code    22  rtc_time.o(i.RTC_IRQHandler)
    RTC_ITConfig                             0x080007c5   Thumb Code    26  stm32f10x_rtc.o(i.RTC_ITConfig)
    RTC_Init                                 0x080007e5   Thumb Code   146  rtc_time.o(i.RTC_Init)
    RTC_SetCounter                           0x08000955   Thumb Code    24  stm32f10x_rtc.o(i.RTC_SetCounter)
    RTC_SetPrescaler                         0x08000971   Thumb Code    26  stm32f10x_rtc.o(i.RTC_SetPrescaler)
    RTC_WaitForLastTask                      0x08000991   Thumb Code    16  stm32f10x_rtc.o(i.RTC_WaitForLastTask)
    RTC_WaitForSynchro                       0x080009a5   Thumb Code    30  stm32f10x_rtc.o(i.RTC_WaitForSynchro)
    SVC_Handler                              0x080009c9   Thumb Code     2  stm32f10x_it.o(i.SVC_Handler)
    SysTick_Handler                          0x08000ab5   Thumb Code     2  stm32f10x_it.o(i.SysTick_Handler)
    SystemInit                               0x08000ab9   Thumb Code    78  system_stm32f10x.o(i.SystemInit)
    Time_ConvCalendarToUnix                  0x08000b19   Thumb Code    24  rtc_time.o(i.Time_ConvCalendarToUnix)
    Time_ConvUnixToCalendar                  0x08000b31   Thumb Code    32  rtc_time.o(i.Time_ConvUnixToCalendar)
    Time_Display                             0x08000b51   Thumb Code    40  rtc_time.o(i.Time_Display)
    Time_GetCalendarTime                     0x08000b9d   Thumb Code    34  rtc_time.o(i.Time_GetCalendarTime)
    Time_Regulate                            0x08000bc1   Thumb Code   522  rtc_time.o(i.Time_Regulate)
    Time_SetCalendarTime                     0x08000fc1   Thumb Code    38  rtc_time.o(i.Time_SetCalendarTime)
    Time_SetUnixTime                         0x08000fe7   Thumb Code    20  rtc_time.o(i.Time_SetUnixTime)
    USART_Cmd                                0x08000ffb   Thumb Code    24  stm32f10x_usart.o(i.USART_Cmd)
    USART_Configuration                      0x08001015   Thumb Code   144  main.o(i.USART_Configuration)
    USART_GetFlagStatus                      0x080010ad   Thumb Code    26  stm32f10x_usart.o(i.USART_GetFlagStatus)
    USART_ITConfig                           0x080010c7   Thumb Code    74  stm32f10x_usart.o(i.USART_ITConfig)
    USART_Init                               0x08001111   Thumb Code   210  stm32f10x_usart.o(i.USART_Init)
    USART_ReceiveData                        0x080011e9   Thumb Code    10  stm32f10x_usart.o(i.USART_ReceiveData)
    UsageFault_Handler                       0x080011f3   Thumb Code     4  stm32f10x_it.o(i.UsageFault_Handler)
    __0printf$6                              0x080011f9   Thumb Code    22  printf6.o(i.__0printf$6)
    __1printf$6                              0x080011f9   Thumb Code     0  printf6.o(i.__0printf$6)
    __2printf                                0x080011f9   Thumb Code     0  printf6.o(i.__0printf$6)
    __scatterload_copy                       0x08001219   Thumb Code    14  handlers.o(i.__scatterload_copy)
    __scatterload_null                       0x08001227   Thumb Code     2  handlers.o(i.__scatterload_null)
    __scatterload_zeroinit                   0x08001229   Thumb Code    14  handlers.o(i.__scatterload_zeroinit)
    fputc                                    0x0800157b   Thumb Code    18  fputc.o(i.fputc)
    main                                     0x0800158d   Thumb Code    16  main.o(i.main)
    Region$$Table$$Base                      0x080015b4   Number         0  anon$$obj.o(Region$$Table)
    Region$$Table$$Limit                     0x080015d4   Number         0  anon$$obj.o(Region$$Table)
    __stdout                                 0x20000014   Data           4  stdout.o(.data)
    __initial_sp                             0x20000448   Data           0  startup_stm32f10x_md.o(STACK)



==============================================================================

Memory Map of the image

  Image Entry point : 0x080000ed

  Load Region LR_IROM1 (Base: 0x08000000, Size: 0x000015ec, Max: 0x00010000, ABSOLUTE)

    Execution Region ER_IROM1 (Base: 0x08000000, Size: 0x000015d4, Max: 0x00010000, ABSOLUTE)

    Base Addr    Size         Type   Attr      Idx    E Section Name        Object

    0x08000000   0x000000ec   Data   RO          174    RESET               startup_stm32f10x_md.o
    0x080000ec   0x00000000   Code   RO         1072  * .ARM.Collect$$$$00000000  mc_w.l(entry.o)
    0x080000ec   0x00000004   Code   RO         1349    .ARM.Collect$$$$00000001  mc_w.l(entry2.o)
    0x080000f0   0x00000004   Code   RO         1352    .ARM.Collect$$$$00000004  mc_w.l(entry5.o)
    0x080000f4   0x00000000   Code   RO         1354    .ARM.Collect$$$$00000008  mc_w.l(entry7b.o)
    0x080000f4   0x00000000   Code   RO         1356    .ARM.Collect$$$$0000000A  mc_w.l(entry8b.o)
    0x080000f4   0x00000008   Code   RO         1357    .ARM.Collect$$$$0000000B  mc_w.l(entry9a.o)
    0x080000fc   0x00000000   Code   RO         1359    .ARM.Collect$$$$0000000D  mc_w.l(entry10a.o)
    0x080000fc   0x00000000   Code   RO         1361    .ARM.Collect$$$$0000000F  mc_w.l(entry11a.o)
    0x080000fc   0x00000004   Code   RO         1350    .ARM.Collect$$$$00002712  mc_w.l(entry2.o)
    0x08000100   0x00000024   Code   RO          175    .text               startup_stm32f10x_md.o
    0x08000124   0x000000a8   Code   RO         1079    .text               mc_w.l(mktime.o)
    0x080001cc   0x00000024   Code   RO         1082    .text               mc_w.l(memcpya.o)
    0x080001f0   0x00000024   Code   RO         1084    .text               mc_w.l(memseta.o)
    0x08000214   0x0000002c   Code   RO         1366    .text               mc_w.l(uidiv.o)
    0x08000240   0x0000000c   Code   RO         1370    .text               mc_w.l(localtime_w.o)
    0x0800024c   0x0000008c   Code   RO         1373    .text               mc_w.l(localtime_i.o)
    0x080002d8   0x00000024   Code   RO         1387    .text               mc_w.l(init.o)
    0x080002fc   0x00000000   Code   RO         1389    .text               mc_w.l(semi.o)
    0x080002fc   0x00000000   Code   RO         1396    .text               mc_w.l(iusesemip.o)
    0x080002fc   0x00000010   Code   RO          216    i.BKP_DeInit        stm32f10x_bkp.o
    0x0800030c   0x0000001c   Code   RO          220    i.BKP_RTCOutputConfig  stm32f10x_bkp.o
    0x08000328   0x0000001c   Code   RO          221    i.BKP_ReadBackupRegister  stm32f10x_bkp.o
    0x08000344   0x0000000c   Code   RO          223    i.BKP_TamperPinCmd  stm32f10x_bkp.o
    0x08000350   0x0000001c   Code   RO          225    i.BKP_WriteBackupRegister  stm32f10x_bkp.o
    0x0800036c   0x00000004   Code   RO         1005    i.BusFault_Handler  stm32f10x_it.o
    0x08000370   0x00000002   Code   RO         1006    i.DebugMon_Handler  stm32f10x_it.o
    0x08000372   0x00000002   PAD
    0x08000374   0x0000002c   Code   RO            2    i.GPIO_Configuration  main.o
    0x080003a0   0x00000116   Code   RO          316    i.GPIO_Init         stm32f10x_gpio.o
    0x080004b6   0x00000002   PAD
    0x080004b8   0x00000028   Code   RO         1007    i.HardFault_Handler  stm32f10x_it.o
    0x080004e0   0x00000004   Code   RO         1008    i.MemManage_Handler  stm32f10x_it.o
    0x080004e4   0x00000002   Code   RO         1009    i.NMI_Handler       stm32f10x_it.o
    0x080004e6   0x0000002a   Code   RO           96    i.NVIC_Configuration  rtc_time.o
    0x08000510   0x00000070   Code   RO          966    i.NVIC_Init         misc.o
    0x08000580   0x00000014   Code   RO          967    i.NVIC_PriorityGroupConfig  misc.o
    0x08000594   0x0000000c   Code   RO          430    i.PWR_BackupAccessCmd  stm32f10x_pwr.o
    0x080005a0   0x00000002   Code   RO         1010    i.PendSV_Handler    stm32f10x_it.o
    0x080005a2   0x00000002   PAD
    0x080005a4   0x00000020   Code   RO          492    i.RCC_APB1PeriphClockCmd  stm32f10x_rcc.o
    0x080005c4   0x00000020   Code   RO          494    i.RCC_APB2PeriphClockCmd  stm32f10x_rcc.o
    0x080005e4   0x0000000c   Code   RO          497    i.RCC_BackupResetCmd  stm32f10x_rcc.o
    0x080005f0   0x00000014   Code   RO          498    i.RCC_ClearFlag     stm32f10x_rcc.o
    0x08000604   0x000000d4   Code   RO          502    i.RCC_GetClocksFreq  stm32f10x_rcc.o
    0x080006d8   0x0000003c   Code   RO          503    i.RCC_GetFlagStatus  stm32f10x_rcc.o
    0x08000714   0x0000000c   Code   RO          511    i.RCC_LSICmd        stm32f10x_rcc.o
    0x08000720   0x0000000c   Code   RO          517    i.RCC_RTCCLKCmd     stm32f10x_rcc.o
    0x0800072c   0x00000010   Code   RO          518    i.RCC_RTCCLKConfig  stm32f10x_rcc.o
    0x0800073c   0x00000010   Code   RO          694    i.RTC_ClearITPendingBit  stm32f10x_rtc.o
    0x0800074c   0x00000014   Code   RO          695    i.RTC_EnterConfigMode  stm32f10x_rtc.o
    0x08000760   0x00000014   Code   RO          696    i.RTC_ExitConfigMode  stm32f10x_rtc.o
    0x08000774   0x00000014   Code   RO          697    i.RTC_GetCounter    stm32f10x_rtc.o
    0x08000788   0x00000024   Code   RO          700    i.RTC_GetITStatus   stm32f10x_rtc.o
    0x080007ac   0x00000016   Code   RO           97    i.RTC_IRQHandler    rtc_time.o
    0x080007c2   0x00000002   PAD
    0x080007c4   0x00000020   Code   RO          701    i.RTC_ITConfig      stm32f10x_rtc.o
    0x080007e4   0x0000012c   Code   RO           98    i.RTC_Init          rtc_time.o
    0x08000910   0x00000042   Code   RO           99    i.RTC_ReConfig      rtc_time.o
    0x08000952   0x00000002   PAD
    0x08000954   0x0000001c   Code   RO          703    i.RTC_SetCounter    stm32f10x_rtc.o
    0x08000970   0x00000020   Code   RO          704    i.RTC_SetPrescaler  stm32f10x_rtc.o
    0x08000990   0x00000014   Code   RO          705    i.RTC_WaitForLastTask  stm32f10x_rtc.o
    0x080009a4   0x00000024   Code   RO          706    i.RTC_WaitForSynchro  stm32f10x_rtc.o
    0x080009c8   0x00000002   Code   RO         1011    i.SVC_Handler       stm32f10x_it.o
    0x080009ca   0x00000008   Code   RO          180    i.SetSysClock       system_stm32f10x.o
    0x080009d2   0x00000002   PAD
    0x080009d4   0x000000e0   Code   RO          181    i.SetSysClockTo72   system_stm32f10x.o
    0x08000ab4   0x00000002   Code   RO         1012    i.SysTick_Handler   stm32f10x_it.o
    0x08000ab6   0x00000002   PAD
    0x08000ab8   0x00000060   Code   RO          183    i.SystemInit        system_stm32f10x.o
    0x08000b18   0x00000018   Code   RO          100    i.Time_ConvCalendarToUnix  rtc_time.o
    0x08000b30   0x00000020   Code   RO          101    i.Time_ConvUnixToCalendar  rtc_time.o
    0x08000b50   0x0000004c   Code   RO          102    i.Time_Display      rtc_time.o
    0x08000b9c   0x00000022   Code   RO          103    i.Time_GetCalendarTime  rtc_time.o
    0x08000bbe   0x00000002   PAD
    0x08000bc0   0x00000400   Code   RO          105    i.Time_Regulate     rtc_time.o
    0x08000fc0   0x00000026   Code   RO          106    i.Time_SetCalendarTime  rtc_time.o
    0x08000fe6   0x00000014   Code   RO          107    i.Time_SetUnixTime  rtc_time.o
    0x08000ffa   0x00000018   Code   RO          787    i.USART_Cmd         stm32f10x_usart.o
    0x08001012   0x00000002   PAD
    0x08001014   0x00000098   Code   RO            5    i.USART_Configuration  main.o
    0x080010ac   0x0000001a   Code   RO          790    i.USART_GetFlagStatus  stm32f10x_usart.o
    0x080010c6   0x0000004a   Code   RO          793    i.USART_ITConfig    stm32f10x_usart.o
    0x08001110   0x000000d8   Code   RO          794    i.USART_Init        stm32f10x_usart.o
    0x080011e8   0x0000000a   Code   RO          801    i.USART_ReceiveData  stm32f10x_usart.o
    0x080011f2   0x00000004   Code   RO         1013    i.UsageFault_Handler  stm32f10x_it.o
    0x080011f6   0x00000002   PAD
    0x080011f8   0x00000020   Code   RO         1243    i.__0printf$6       mc_w.l(printf6.o)
    0x08001218   0x0000000e   Code   RO         1401    i.__scatterload_copy  mc_w.l(handlers.o)
    0x08001226   0x00000002   Code   RO         1402    i.__scatterload_null  mc_w.l(handlers.o)
    0x08001228   0x0000000e   Code   RO         1403    i.__scatterload_zeroinit  mc_w.l(handlers.o)
    0x08001236   0x00000002   PAD
    0x08001238   0x000002f0   Code   RO         1250    i._printf_core      mc_w.l(printf6.o)
    0x08001528   0x00000024   Code   RO         1251    i._printf_post_padding  mc_w.l(printf6.o)
    0x0800154c   0x0000002e   Code   RO         1252    i._printf_pre_padding  mc_w.l(printf6.o)
    0x0800157a   0x00000012   Code   RO         1363    i.fputc             mc_w.l(fputc.o)
    0x0800158c   0x00000010   Code   RO            6    i.main              main.o
    0x0800159c   0x0000000c   Data   RO         1080    .constdata          mc_w.l(mktime.o)
    0x080015a8   0x0000000c   Data   RO         1374    .constdata          mc_w.l(localtime_i.o)
    0x080015b4   0x00000020   Data   RO         1399    Region$$Table       anon$$obj.o


    Execution Region RW_IRAM1 (Base: 0x20000000, Size: 0x00000448, Max: 0x00005000, ABSOLUTE)

    Base Addr    Size         Type   Attr      Idx    E Section Name        Object

    0x20000000   0x00000014   Data   RW          522    .data               stm32f10x_rcc.o
    0x20000014   0x00000004   Data   RW         1365    .data               mc_w.l(stdout.o)
    0x20000018   0x0000002c   Zero   RW         1371    .bss                mc_w.l(localtime_w.o)
    0x20000044   0x00000004   PAD
    0x20000048   0x00000400   Zero   RW          172    STACK               startup_stm32f10x_md.o


==============================================================================

Image component sizes


      Code (inc. data)   RO Data    RW Data    ZI Data      Debug   Object Name

       212         16          0          0          0     224586   main.o
       132         22          0          0          0       3299   misc.o
      1678        692          0          0          0       6164   rtc_time.o
        36          8        236          0       1024        824   startup_stm32f10x_md.o
       112         22          0          0          0      12549   stm32f10x_bkp.o
       278          0          0          0          0      10420   stm32f10x_gpio.o
        62         10          0          0          0      18837   stm32f10x_it.o
        12          6          0          0          0        514   stm32f10x_pwr.o
       408         64          0         20          0      16435   stm32f10x_rcc.o
       260         48          0          0          0       5184   stm32f10x_rtc.o
       350          6          0          0          0      11020   stm32f10x_usart.o
       328         28          0          0          0       1829   system_stm32f10x.o

    ----------------------------------------------------------------------
      3888        922        268         20       1024     311661   Object Totals
         0          0         32          0          0          0   (incl. Generated)
        20          0          0          0          0          0   (incl. Padding)

    ----------------------------------------------------------------------

      Code (inc. data)   RO Data    RW Data    ZI Data      Debug   Library Member Name

         0          0          0          0          0          0   entry.o
         0          0          0          0          0          0   entry10a.o
         0          0          0          0          0          0   entry11a.o
         8          4          0          0          0          0   entry2.o
         4          0          0          0          0          0   entry5.o
         0          0          0          0          0          0   entry7b.o
         0          0          0          0          0          0   entry8b.o
         8          4          0          0          0          0   entry9a.o
        18          0          0          0          0         80   fputc.o
        30          0          0          0          0          0   handlers.o
        36          8          0          0          0         68   init.o
         0          0          0          0          0          0   iusesemip.o
       140          6         12          0          0         76   localtime_i.o
        12          6          0          0         44         68   localtime_w.o
        36          0          0          0          0         68   memcpya.o
        36          0          0          0          0        108   memseta.o
       168         18         12          0          0         80   mktime.o
       866         14          0          0          0        352   printf6.o
         0          0          0          0          0          0   semi.o
         0          0          0          4          0          0   stdout.o
        44          0          0          0          0         80   uidiv.o

    ----------------------------------------------------------------------
      1408         60         24          4         48        980   Library Totals
         2          0          0          0          4          0   (incl. Padding)

    ----------------------------------------------------------------------

      Code (inc. data)   RO Data    RW Data    ZI Data      Debug   Library Name

      1406         60         24          4         44        980   mc_w.l

    ----------------------------------------------------------------------
      1408         60         24          4         48        980   Library Totals

    ----------------------------------------------------------------------

==============================================================================


      Code (inc. data)   RO Data    RW Data    ZI Data      Debug   

      5296        982        292         24       1072     309517   Grand Totals
      5296        982        292         24       1072     309517   ELF Image Totals
      5296        982        292         24          0          0   ROM Totals

==============================================================================

    Total RO  Size (Code + RO Data)                 5588 (   5.46kB)
    Total RW  Size (RW Data + ZI Data)              1096 (   1.07kB)
    Total ROM Size (Code + RO Data + RW Data)       5612 (   5.48kB)

==============================================================================

