<html>
<body>
<pre>
<h1>µVision Build Log</h1>
<h2>Tool Versions:</h2>
IDE-Version: ¦ÌVision V5.20.0.0
Copyright (C) 2016 ARM Ltd and ARM Germany GmbH. All rights reserved.
License Information: Tang Yuenjee, Hewlett-Packard, LIC=WHY74-FTHZ3-LCUJF-6L2HR-1TV5L-PF3C5
 
Tool Versions:
Toolchain:       MDK-ARM Plus  Version: 5.20
Toolchain Path:  C:\Keil_v5\ARM\ARMCC\Bin
C Compiler:      Armcc.exe V5.06 update 2 (build 183)
Assembler:       Armasm.exe V5.06 update 2 (build 183)
Linker/Locator:  ArmLink.exe V5.06 update 2 (build 183)
Library Manager: ArmAr.exe V5.06 update 2 (build 183)
Hex Converter:   FromElf.exe V5.06 update 2 (build 183)
CPU DLL:         SARMCM3.DLL V5.20
Dialog DLL:      DCM.DLL V1.13.7.0
Target DLL:      Segger\JL2CM3.dll V2.99.20.0
Dialog DLL:      TCM.DLL V1.14.9.0
 
<h2>Project:</h2>
C:\Users\Yuenjee\Desktop\STM32\MDK\Project.uvprojx
Project File Date:  05/24/2017

<h2>Output:</h2>
*** Using Compiler 'V5.06 update 2 (build 183)', folder: 'C:\Keil_v5\ARM\ARMCC\Bin'
Build target 'Qi'
compiling main.c...
..\USER\RTC_Time.h(16): warning:  #1-D: last line of file ends without a newline
  #endif
..\USER\main.c(10): warning:  #177-D: variable "temp" was declared but never referenced
  	   unsigned char temp=0;   	   
..\USER\main.c: 2 warnings, 0 errors
linking...
Program Size: Code=5296 RO-data=292 RW-data=24 ZI-data=1072  
FromELF: creating hex file...
".\MDK\Obj\Project.axf" - 0 Error(s), 2 Warning(s).

<h2>Collection of Component include folders:</h2>
  C:\Users\Yuenjee\Desktop\STM32\MDK\RTE
  C:\Keil_v5\ARM\PACK\Keil\STM32F1xx_DFP\2.1.0\Device\Include

<h2>Collection of Component Files used:</h2>
Build Time Elapsed:  00:00:00
</pre>
</body>
</html>
